Archive member included because of file (symbol)

out/components/bsp/soc/boot/mcu/d10/libboot.a(start.o)
                              (_start)
out/components/bsp/soc/boot/mcu/d10/libboot.a(vector_32ivic.o)
                              out/components/bsp/soc/boot/mcu/d10/libboot.a(start.o) (OS_Int_Vectors)
out/components/bsp/soc/boot/mcu/d10/libboot.a(bsp.o)
                              out/components/bsp/soc/boot/mcu/d10/libboot.a(start.o) (BSP_Init)
out/components/bsp/soc/boot/mcu/d10/libboot.a(nmi.o)
                              out/components/bsp/soc/boot/mcu/d10/libboot.a(vector_32ivic.o) (NMI_Service_Routine)
out/components/osal/libsrm_osal.a(osal_freertos_slow.o)
                              out/components/bsp/soc/boot/mcu/d10/libboot.a(vector_32ivic.o) (OS_TaskSwitchInfo)
out/components/osal/libsrm_osal.a(osal_freertos.o)
                              out/components/osal/libsrm_osal.a(osal_freertos_slow.o) (switchout_handle)
out/components/osal/freertos/libnds_port.a(port.o)
                              out/components/osal/libsrm_osal.a(osal_freertos_slow.o) (vPortEnterCritical)
out/components/osal/freertos/libnds_port.a(portasm.o)
                              out/components/osal/freertos/libnds_port.a(port.o) (vPortStartFirstTask)
out/components/osal/freertos/kernel/libfreertos.a(event_groups.o)
                              out/components/osal/libsrm_osal.a(osal_freertos.o) (xEventGroupCreate)
out/components/osal/freertos/kernel/libfreertos.a(queue.o)
                              out/components/osal/libsrm_osal.a(osal_freertos.o) (xQueueGenericCreate)
out/components/osal/freertos/kernel/libfreertos.a(tasks.o)
                              out/components/osal/freertos/libnds_port.a(portasm.o) (pxCurrentTCB)
out/components/osal/freertos/kernel/libfreertos.a(timers.o)
                              out/components/osal/freertos/kernel/libfreertos.a(tasks.o) (xTimerCreateTimerTask)
out/components/osal/freertos/kernel/libfreertos.a(timers_ext.o)
                              out/components/osal/libsrm_osal.a(osal_freertos.o) (xTimerChangeSetting)
out/components/osal/freertos/kernel/libfreertos.a(list.o)
                              out/components/osal/freertos/kernel/libfreertos.a(event_groups.o) (vListInitialise)
out/components/osal/memmgr/libmemmgr.a(heap_mem.o)
                              out/components/bsp/soc/libc_stub/libc_patch.o (vPortFree)
out/components/osal/memmgr/libmemmgr.a(heap_dlm.o)
                              out/components/osal/memmgr/libmemmgr.a(heap_mem.o) (pvDlmPortMalloc)
out/components/osal/memmgr/libmemmgr.a(heap_bus.o)
                              out/components/osal/memmgr/libmemmgr.a(heap_mem.o) (pvBusPortMalloc)
out/components/sys/libsrm_sys.a(intc.o)
                              out/components/bsp/soc/boot/mcu/d10/libboot.a(vector_32ivic.o) (g_prot_trigger)
out/components/sys/libsrm_sys.a(systick.o)
                              out/components/osal/freertos/libnds_port.a(port.o) (systick_get_irq_status)
out/components/sys/libsrm_sys.a(proftick.o)
                              out/components/osal/libsrm_osal.a(osal_freertos_slow.o) (proftick_start)
out/components/sys/libsrm_sys.a(sys_clock.o)
                              out/components/bsp/soc/boot/mcu/d10/libboot.a(start.o) (_soc_clk_init)
out/components/sys/libsrm_sys.a(exception_info.o)
                              out/components/bsp/soc/boot/mcu/d10/libboot.a(vector_32ivic.o) (exception_info)
out/components/sys/libsrm_sys.a(backtrace.o)
                              out/components/sys/libsrm_sys.a(exception_info.o) (print_callstack)
out/components/tools/cli/libcli.a(cli.o)
                              out/components/bsp/soc/libc_stub/printf_patch.o (drv_uart_tx_0)
out/components/tools/cli/libcli.a(cli_cmd.o)
                              out/components/tools/cli/libcli.a(cli.o) (gCliCmdTable)
out/components/tools/toolbox/libtoolbox.a(logger.o)
                              out/components/bsp/soc/libc_stub/printf_patch.o (g_TagLevel)
out/projects/SMAC/src/app/libmain.a(main.o)
                              out/components/bsp/soc/boot/mcu/d10/libboot.a(start.o) (APP_Init)
out/projects/SMAC/src/app/libmain.a(custom_cmd.o)
                              out/components/tools/cli/libcli.a(cli.o) (gCustomCmdTable)
out/projects/SMAC/src/driver/usb/libdrv_usb.a(drv_usb.o)
                              out/projects/SMAC/src/app/libmain.a(main.o) (drv_usb_init)
out/projects/SMAC/src/driver/usb/libdrv_usb.a(generic.o)
                              out/projects/SMAC/src/driver/usb/libdrv_usb.a(drv_usb.o) (flags)
out/projects/SMAC/src/driver/usb/libdrv_usb.a(stdreq.o)
                              out/projects/SMAC/src/driver/usb/libdrv_usb.a(drv_usb.o) (InitStdReq)
out/projects/SMAC/src/driver/usb/libdrv_usb.a(u2devdesc.o)
                              out/projects/SMAC/src/driver/usb/libdrv_usb.a(drv_usb.o) (InitU2DevDesc)
out/projects/SMAC/src/driver/usb/libdrv_usb.a(drv_usb_fsm.o)
[...]
Memory Configuration

Name             Origin             Length             Attributes
SRAM_ILM         0x00000000         0x00005000         xrw
EFS_TABLE        0x00100000         0x00000080         xrw
ROM_TABLE        0x00100080         0x00000f80         xrw
SRAM_DLM         0x00106bcc         0x00009234         rw
SYS_SRAM         0x01000000         0x0001d340         xrw
SH_SRAM          0x0101d340         0x0001b1e0         xrw
BLE_SRAM         0x0b000000         0x00001000         rw
*default*        0x00000000         0xffffffff

Linker script and memory map

LOAD out/components/bsp/soc/libc_stub/libc_patch.o
LOAD out/components/bsp/soc/libc_stub/printf_patch.o
LOAD out/components/bsp/soc/libc_stub/_sbrk.o
START GROUP
LOAD out/components/bsp/soc/boot/mcu/d10/libboot.a
LOAD out/components/bsp/soc/efuseapi/libefuseapi.a
LOAD out/components/bsp/soc/lowpower/liblowpower.a
LOAD out/components/bsp/soc/soc_init/libsoc_init.a
LOAD out/components/bsp/soc/ssv6030B1/hal/dmac/libhal_dmac.a
LOAD out/components/bsp/soc/ssv6030B1/hal/efuse/libhal_efuse.a
LOAD out/components/bsp/soc/ssv6030B1/hal/hsuart/libhal_hsuart.a
LOAD out/components/bsp/soc/ssv6030B1/hal/lmdma/libhal_lmdma.a
LOAD out/components/bsp/soc/ssv6030B1/hal/tmr/libhal_tmr.a
LOAD out/components/bsp/soc/ssv6030B1/hal/uart/libhal_uart.a
LOAD out/components/bsp/soc/ssv6030B1/hal/wdt/libhal_wdt.a
LOAD out/components/bsp/soc/sys/libbsp.a
LOAD out/components/crypto/libcrypto.a
LOAD out/components/drv/common/libsoc_global.a
LOAD out/components/drv/dmac/libdmac.a
LOAD out/components/drv/efuse/libefuse.a
LOAD out/components/drv/hsuart/libhsuart.a
LOAD out/components/drv/lmdma/liblmdma.a
LOAD out/components/drv/phy/libphy.a
LOAD out/components/drv/tmr/libtmr.a
LOAD out/components/drv/uart/libuart.a
LOAD out/components/drv/wdt/libwdt.a
LOAD out/components/macsw_v6_9_1/ip/lmac/librwnx_lmac.a
LOAD out/components/macsw_v6_9_1/ip/umac/librwnx_umac.a
LOAD out/components/macsw_v6_9_1/modules/librwnx_module.a
LOAD out/components/macsw_v6_9_1/plf/refip/librwnx_plf.a
LOAD out/components/net/net_al_v6_9_1/libnet_al.a
LOAD out/components/net/udhcp/libudhcpd.a
LOAD out/components/osal/libsrm_osal.a
LOAD out/components/osal/freertos/libnds_port.a
LOAD out/components/osal/freertos/kernel/libfreertos.a
LOAD out/components/osal/memmgr/libmemmgr.a
LOAD out/components/rom_connector/librom_connector.a
LOAD out/components/sys/libsrm_sys.a
LOAD out/components/third_party/FatFs/libfatfs.a
LOAD out/components/third_party/cJSON/libcjson.a
LOAD out/components/third_party/crc16/libcrc16.a
LOAD out/components/third_party/ping/libping.a
LOAD out/components/third_party/sntp/libsntp.a
LOAD out/components/tools/atcmd/libatcmd.a
LOAD out/components/tools/cli/libcli.a
LOAD out/components/tools/toolbox/libtoolbox.a
LOAD out/components/tools/utility/libutility.a
LOAD out/projects/SMAC/src/app/libmain.a
LOAD out/projects/SMAC/src/driver/usb/libdrv_usb.a
LOAD out/projects/SMAC/src/board/cfg/libcfg.a
END GROUP
LOAD /opt/Andes/nds32le-elf-mculib-v3/bin/../lib/gcc/nds32le-elf/4.9.4/../../../../nds32le-elf/lib/mcmodel-large/libdsp.a
LOAD version.o
LOAD /opt/Andes/nds32le-elf-mculib-v3/bin/../lib/gcc/nds32le-elf/4.9.4/mcmodel-large/libgcc.a
START GROUP
LOAD /opt/Andes/nds32le-elf-mculib-v3/bin/../lib/gcc/nds32le-elf/4.9.4/../../../../nds32le-elf/lib/mcmodel-large/libc.a
LOAD /opt/Andes/nds32le-elf-mculib-v3/bin/../lib/gcc/nds32le-elf/4.9.4/../../../../nds32le-elf/lib/mcmodel-large/libgloss.a
LOAD /opt/Andes/nds32le-elf-mculib-v3/bin/../lib/gcc/nds32le-elf/4.9.4/../../../../nds32le-elf/lib/mcmodel-large/libnosys.a
END GROUP
LOAD /opt/Andes/nds32le-elf-mculib-v3/bin/../lib/gcc/nds32le-elf/4.9.4/mcmodel-large/libgcc.a
                0x00100000                _SDA_BASE_ = 0x100000
                0x00000000                PROVIDE (__executable_start, 0x0)
                0x00000078                __sys_bus_speed = 0x78
                0x000000f0                __sys_mcu_speed = 0xf0
                0x00000004                __xip_bit = 0x4
                0x00000400                __mcu_suspend_buffer = 0x400
                0x00000000                . = 0x0
                0x00000400                __log_size = 0x400
                0x00000000                _fast_code_lmastart = LOADADDR (.vector)

.vector         0x00000000        0x0
                0x00000000                _fast_code_start = .
 *(.vector)

.nds32_init     0x00000000     0x46b8
 *(.nds32_init)
 .nds32_init    0x00000000      0x390 out/components/bsp/soc/boot/mcu/d10/libboot.a(vector_32ivic.o)
                0x00000000                OS_Int_Vectors
                0x000002e2                OS_Int_Vectors_End
 *(.fast_boot_code)
 .fast_boot_code
                0x00000390      0x1c4 out/components/bsp/soc/boot/mcu/d10/libboot.a(vector_32ivic.o)
                0x00000390                OS_Trap_Debug_Related
                0x0000043c                OS_Trap_TLB_Misc
                0x0000043c                OS_Trap_General_Exception
                0x0000043c                OS_Trap_PTE_Not_Present
                0x0000043c                OS_Trap_TLB_VLPT_Miss
                0x0000043c                OS_Trap_Machine_Error
                0x0000043c                OS_Trap_TLB_Fill
 .fast_boot_code
                0x00000554       0x74 out/components/bsp/soc/boot/mcu/d10/libboot.a(nmi.o)
                0x00000554                NMI_Service_Routine
 .fast_boot_code
                0x000005c8      0x180 out/components/osal/freertos/libnds_port.a(portasm.o)
                0x000005c8                vPortStartFirstTask
                0x000005fc                OS_Trap_Interrupt_SWI
                0x0000067c                OS_Trap_Int_Comm
 .fast_boot_code
                0x00000748      0x830 out/components/bsp/soc/lowpower/liblowpower.a(rtos_lowpower_ssv6030B1.o)
                0x00000748                sys_wifi_power_off
                0x00000788                sys_wphy_power_on
                0x000007a8                sys_wifi_power_on
                0x00000804                sys_lowpower_uncertainty
                0x00000838                sys_lowpower_present
                0x0000084c                sys_rtc_cali
                0x00000874                regcpy
                0x00000888                sys_stop_clk
                0x00000898                sys_resume_clk
                0x000008a4                sys_save_timer
                0x00000a70                sys_timer_min_time
                0x00000ac8                sys_timer_restore_time
                0x00000b88                sys_hibernate
                0x00000c00                sys_rtc_tick
                0x00000c18                sys_dormant
                0x00000d90                sys_sleep
                0x00000f14                sys_rtc_fast
                0x00000f44                sys_rtc_slow
 .fast_boot_code
                0x00000f78       0x10 out/components/bsp/soc/sys/libbsp.a(bsp.o)
                0x00000f78                system_delay
 .fast_boot_code
                0x00000f88      0x364 out/components/drv/phy/libphy.a(phy_common.o)
                0x00000f88                switch_rf_ctrl_by_wifi
                0x00001014                ssv_wifi_rf_set_channel_patch
                0x0000119c                ssv_wifi_rf_set_channel
                0x00001240                ssv_rf_init
                0x00001294                ssv6030B1_cali_restore
                0x000012c0                ssv6030B1_cali_mcs9_restore
 .fast_boot_code
                0x000012ec      0x250 out/components/macsw_v6_9_1/ip/lmac/librwnx_lmac.a(rwnx.o)
                0x000012ec                ssv_machw_sleep_check
                0x0000132c                ssv_sleep
                0x0000143c                ssv_wakeup
 .fast_boot_code
                0x0000153c      0x350 out/components/macsw_v6_9_1/ip/lmac/librwnx_lmac.a(txl_cntrl.o)
                0x0000153c                __rom_patch_v1_txl_hwdesc_config_post
                0x00001690                __rom_patch_v1_txl_cntrl_push
 .fast_boot_code
                0x0000188c       0x60 out/components/macsw_v6_9_1/ip/lmac/librwnx_lmac.a(txl_agg.o)
                0x0000188c                __rom_patch_v1_txl_agg_set_ampdu_protection
 .fast_boot_code
                0x000018ec      0x644 out/components/macsw_v6_9_1/ip/lmac/librwnx_lmac.a(mm.o)
                0x000018ec                __rom_patch_v2_mm_tbtt_compute
                0x00001b18                __rom_patch_v1_mm_sta_tbtt
                0x00001c1c                vif_mgmt_restore_hw_key
                0x00001de4                __rom_patch_v1_mm_sta_del
                0x00001ef0                __rom_patch_v1_mm_send_connection_loss_ind
 .fast_boot_code
                0x00001f30      0x150 out/components/macsw_v6_9_1/ip/lmac/librwnx_lmac.a(mm_bcn.o)
                0x00001f30                __rom_patch_v1_mm_bcn_transmit
 .fast_boot_code
                0x00002080       0x34 out/components/macsw_v6_9_1/ip/lmac/librwnx_lmac.a(td.o)
                0x00002080                __rom_patch_v1_td_start
 .fast_boot_code
                0x000020b4       0x68 out/components/macsw_v6_9_1/ip/lmac/librwnx_lmac.a(hal_machw.o)
                0x000020b4                __rom_patch_v1_hal_machw_gen_handler
 .fast_boot_code
                0x0000211c       0x4c out/components/macsw_v6_9_1/ip/lmac/librwnx_lmac.a(tpc.o)
                0x0000211c                __rom_patch_v1_tpc_update_tx_power
 .fast_boot_code
                0x00002168      0x764 out/components/macsw_v6_9_1/ip/lmac/librwnx_lmac.a(chan.o)
                0x00002474                __rom_patch_v1_chan_conn_less_ctxt_end
                0x00002570                __rom_patch_v1_chan_switch_channel
                0x00002690                __rom_patch_v1_chan_switch_start
                0x000026f8                __rom_patch_v1_chan_init
                0x000027a4                __rom_patch_v1_chan_roc_req
 .fast_boot_code
                0x000028cc      0x3a4 out/components/macsw_v6_9_1/ip/lmac/librwnx_lmac.a(rxl_cntrl.o)
                0x000028cc                __rom_patch_v1_rxl_frame_handle
 .fast_boot_code
                0x00002c70      0x228 out/components/macsw_v6_9_1/ip/umac/librwnx_umac.a(rxu_cntrl.o)
                0x00002c70                __rom_pf_v1_rxu_cntrl_host_reord_no_ba_handle
                0x00002ce4                __rom_patch_v1_rxu_cntrl_defrag_check
                0x00002dac                __rom_pf_v1_rxu_cntrl_spurious_check
                0x00002e40                __rom_patch_v1_rxu_upload_monitor
 .fast_boot_code
                0x00002e98      0x95c out/components/macsw_v6_9_1/ip/umac/librwnx_umac.a(rc.o)
                0x00002e98                __rom_patch_v1_rc_update_counters
                0x000030dc                __rom_patch_v1_rc_check
                0x00003208                __rom_patch_v2_sta_capa_ht
                0x000035e4                __rom_patch_v2_rc_init
 .fast_boot_code
                0x000037f4      0x1e8 out/components/macsw_v6_9_1/ip/umac/librwnx_umac.a(me_task.o)
                0x000037f4                __rom_patch_v1_me_config_req_handler
                0x00003958                __rom_patch_v1_me_set_control_port_req_handler
 .fast_boot_code
                0x000039dc       0x9c out/components/macsw_v6_9_1/modules/librwnx_module.a(rtos.o)
                0x000039dc                rtos_wifi_task_suspend
                0x00003a48                rtos_wifi_task_resume
 .fast_boot_code
                0x00003a78      0x370 out/components/macsw_v6_9_1/plf/refip/librwnx_plf.a(phy_custom_rf.o)
                0x00003d9c                phy_hw_recovery
 .fast_boot_code
                0x00003de8      0x41c out/components/macsw_v6_9_1/plf/refip/librwnx_plf.a(dma.o)
                0x00003de8                __rom_patch_v1_dma_ceva_isr
                0x00003f14                __rom_patch_v1_create_dma_link
                0x000040c4                check_and_push_pseudo_irq
                0x00004110                __rom_patch_v1_dma_push
 .fast_boot_code
                0x00004204      0x1a4 out/components/macsw_v6_9_1/ip/lmac/librwnx_lmac.a(scan.o)
                0x00004204                __rom_patch_v1_scan_probe_req_tx
                0x00004374                __rom_pf_v1_scan_get_chan
 .fast_boot_code
                0x000043a8      0x310 out/components/macsw_v6_9_1/ip/umac/librwnx_umac.a(bam_task.o)
                0x000043a8                __rom_patch_v1_rxu_mgt_ind_handler

.ilm_data       0x000046b8        0x0
 *(.ilm_data)
                0x000046b8                _fast_code_end = .
                0x000046b8                . = ALIGN (0x4)
                0x00005000                ilm_end = (ORIGIN (SRAM_ILM) + 0x5000)
                0x00000948                ilm_remain = (ilm_end - _fast_code_end)

.text           0x01000000    0x156f0
                0x01000000                . = ALIGN (0x4)
                0x01000000                __XIP_TEXT_START = .
 *(.bus_sram_begin)
 .bus_sram_begin
                0x01000000        0x4 out/components/bsp/soc/boot/mcu/d10/libboot.a(start.o)
                0x01000000                _bus_sram_begin
 *(.text .stub .text.* .gnu.linkonce.t.*)
 .text.calloc   0x01000004       0x1c out/components/bsp/soc/libc_stub/libc_patch.o
                0x01000004                calloc
 .text.malloc   0x01000020        0xc out/components/bsp/soc/libc_stub/libc_patch.o
                0x01000020                malloc
 .text.strdup   0x0100002c       0x20 out/components/bsp/soc/libc_stub/libc_patch.o
                0x0100002c                strdup
 .text.free     0x0100004c        0x8 out/components/bsp/soc/libc_stub/libc_patch.o
                0x0100004c                free
 .text.realloc  0x01000054       0x34 out/components/bsp/soc/libc_stub/libc_patch.o
                0x01000054                realloc
 .text._fflush_r
                0x01000088        0x4 out/components/bsp/soc/libc_stub/libc_patch.o
                0x01000088                _fflush_r
 .text._fclose_r
                0x0100008c        0x4 out/components/bsp/soc/libc_stub/libc_patch.o
                0x0100008c                _fclose_r
 .text.fflush   0x01000090        0xc out/components/bsp/soc/libc_stub/libc_patch.o
                0x01000090                fflush
 .text.fopen    0x0100009c        0x4 out/components/bsp/soc/libc_stub/libc_patch.o
                0x0100009c                fopen
 .text.fread    0x010000a0        0x4 out/components/bsp/soc/libc_stub/libc_patch.o
                0x010000a0                fread
 .text.fwrite   0x010000a4        0x4 out/components/bsp/soc/libc_stub/libc_patch.o
                0x010000a4                fwrite
 .text.ftell    0x010000a8        0x4 out/components/bsp/soc/libc_stub/libc_patch.o
                0x010000a8                ftell
 .text.feof     0x010000ac        0x4 out/components/bsp/soc/libc_stub/libc_patch.o
                0x010000ac                feof
 .text.fseek    0x010000b0        0x4 out/components/bsp/soc/libc_stub/libc_patch.o
                0x010000b0                fseek
 .text.fclose   0x010000b4        0x4 out/components/bsp/soc/libc_stub/libc_patch.o
                0x010000b4                fclose
 .text.fgets    0x010000b8        0x4 out/components/bsp/soc/libc_stub/libc_patch.o
                0x010000b8                fgets
 .text.ferror   0x010000bc        0x4 out/components/bsp/soc/libc_stub/libc_patch.o
                0x010000bc                ferror
 .text.gettimeofday
                0x010000c0       0x10 out/components/bsp/soc/libc_stub/libc_patch.o
                0x010000c0                gettimeofday
 .text._out_char
                0x010000d0       0x1c out/components/bsp/soc/libc_stub/printf_patch.o
                0x010000d0                _out_char
 .text.log_print
                0x010000ec       0x40 out/components/bsp/soc/libc_stub/printf_patch.o
                0x010000ec                log_print
 .text          0x0100012c      0x138 out/components/bsp/soc/boot/mcu/d10/libboot.a(start.o)
                0x0100012c                OS_Init_Nds32
                0x0100012c                _start
                0x01000188                __pre_c_init
                0x01000254                __post_c_init
                0x01000258                main
 .text.OS_Trap_Default_Handler
                0x01000264        0x4 out/components/bsp/soc/boot/mcu/d10/libboot.a(bsp.o)
                0x01000264                OS_Trap_Default_Handler
 .text.BSP_Intc_Init
                0x01000268       0x20 out/components/bsp/soc/boot/mcu/d10/libboot.a(bsp.o)
                0x01000268                BSP_Intc_Init
 .text.BSP_Init
                0x01000288        0x8 out/components/bsp/soc/boot/mcu/d10/libboot.a(bsp.o)
                0x01000288                BSP_Init
 .text.mcu_unalignment
                0x01000290       0x10 out/components/bsp/soc/boot/mcu/d10/libboot.a(bsp.o)
                0x01000290                mcu_unalignment
 .text.sys_err_c
                0x010002a0       0x58 out/components/bsp/soc/boot/mcu/d10/libboot.a(bsp.o)
                0x010002a0                sys_err_c
 .text.OS_Init  0x010002f8        0x8 out/components/osal/libsrm_osal.a(osal_freertos_slow.o)
                0x010002f8                OS_Init
 .text.OS_StatInit
                0x01000300       0x30 out/components/osal/libsrm_osal.a(osal_freertos_slow.o)
                0x01000300                OS_StatInit
 .text.OS_TaskCreateStatic
                0x01000330       0x24 out/components/osal/libsrm_osal.a(osal_freertos_slow.o)
                0x01000330                OS_TaskCreateStatic
 .text.OS_TaskCreate
                0x01000354       0x20 out/components/osal/libsrm_osal.a(osal_freertos_slow.o)
                0x01000354                OS_TaskCreate
 .text.OS_TaskGetCurrHandle
                0x01000374       0x18 out/components/osal/libsrm_osal.a(osal_freertos_slow.o)
                0x01000374                OS_TaskGetCurrHandle
 .text.OS_TaskSetPriority
                0x0100038c        0xc out/components/osal/libsrm_osal.a(osal_freertos_slow.o)
                0x0100038c                OS_TaskSetPriority
 .text.OS_TaskDelete
                0x01000398       0x34 out/components/osal/libsrm_osal.a(osal_freertos_slow.o)
                0x01000398                OS_TaskDelete
 .text.OS_TaskSwitchInfo
                0x010003cc       0x38 out/components/osal/libsrm_osal.a(osal_freertos_slow.o)
                0x010003cc                OS_TaskSwitchInfo
 .text.OS_SysInfo
                0x01000404      0x124 out/components/osal/libsrm_osal.a(osal_freertos_slow.o)
                0x01000404                OS_SysInfo
 .text.OS_ConfigureTickInterrupt
                0x01000528       0x3c out/components/osal/libsrm_osal.a(osal_freertos_slow.o)
                0x01000528                OS_ConfigureTickInterrupt
 .text.OS_ClearTickInterrupt
                0x01000564       0x24 out/components/osal/libsrm_osal.a(osal_freertos_slow.o)
                0x01000564                OS_ClearTickInterrupt
 .text.OS_MemInfo
                0x01000588        0xc out/components/osal/libsrm_osal.a(osal_freertos_slow.o)
                0x01000588                OS_MemInfo
 .text.OS_TimerCreate
                0x01000594       0x30 out/components/osal/libsrm_osal.a(osal_freertos.o)
                0x01000594                OS_TimerCreate
 .text.prvTaskExitError
                0x010005c4       0x2c out/components/osal/freertos/libnds_port.a(port.o)
 .text.pxPortInitialiseStack
                0x010005f0      0x114 out/components/osal/freertos/libnds_port.a(port.o)
                0x010005f0                pxPortInitialiseStack
 .text.xPortStartScheduler
                0x01000704       0x3c out/components/osal/freertos/libnds_port.a(port.o)
                0x01000704                xPortStartScheduler
 .text.vPortEnterCritical
                0x01000740       0x3c out/components/osal/freertos/libnds_port.a(port.o)
                0x01000740                vPortEnterCritical
 .text.vPortExitCritical
                0x0100077c       0x44 out/components/osal/freertos/libnds_port.a(port.o)
                0x0100077c                vPortExitCritical
 .text.FreeRTOS_Tick_Handler
                0x010007c0       0x3c out/components/osal/freertos/libnds_port.a(port.o)
                0x010007c0                FreeRTOS_Tick_Handler
 .text.vPortSuppressTicksAndSleep
                0x010007fc      0x1fc out/components/osal/freertos/libnds_port.a(port.o)
                0x010007fc                vPortSuppressTicksAndSleep
 .text.vPortValidateInterruptPriority
                0x010009f8        0x4 out/components/osal/freertos/libnds_port.a(port.o)
                0x010009f8                vPortValidateInterruptPriority
 .text.xQueueGenericReset
                0x010009fc       0x78 out/components/osal/freertos/kernel/libfreertos.a(queue.o)
                0x010009fc                xQueueGenericReset
 .text.xQueueGenericCreateStatic
                0x01000a74       0xa0 out/components/osal/freertos/kernel/libfreertos.a(queue.o)
                0x01000a74                xQueueGenericCreateStatic
 .text.vQueueAddToRegistry
                0x01000b14       0x28 out/components/osal/freertos/kernel/libfreertos.a(queue.o)
                0x01000b14                vQueueAddToRegistry
 .text.prvResetNextTaskUnblockTime
                0x01000b3c       0x20 out/components/osal/freertos/kernel/libfreertos.a(tasks.o)
 .text.prvInitialiseNewTask.isra.3
                0x01000b5c       0xd4 out/components/osal/freertos/kernel/libfreertos.a(tasks.o)
 .text.prvAddNewTaskToReadyList
                0x01000c30       0xec out/components/osal/freertos/kernel/libfreertos.a(tasks.o)
 .text.prvDeleteTCB
                0x01000d1c       0x38 out/components/osal/freertos/kernel/libfreertos.a(tasks.o)
 .text.xTaskCreateStatic
                0x01000d54       0x88 out/components/osal/freertos/kernel/libfreertos.a(tasks.o)
                0x01000d54                xTaskCreateStatic
 .text.xTaskCreate
                0x01000ddc       0x60 out/components/osal/freertos/kernel/libfreertos.a(tasks.o)
                0x01000ddc                xTaskCreate
 .text.vTaskDelete
                0x01000e3c       0xc8 out/components/osal/freertos/kernel/libfreertos.a(tasks.o)
                0x01000e3c                vTaskDelete
 .text.uxTaskPriorityGet
                0x01000f04       0x1c out/components/osal/freertos/kernel/libfreertos.a(tasks.o)
                0x01000f04                uxTaskPriorityGet
 .text.vTaskPrioritySet
                0x01000f20       0xdc out/components/osal/freertos/kernel/libfreertos.a(tasks.o)
                0x01000f20                vTaskPrioritySet
 .text.vTaskSuspendAll
                0x01000ffc        0xc out/components/osal/freertos/kernel/libfreertos.a(tasks.o)
                0x01000ffc                vTaskSuspendAll
 .text.pcTaskGetName
                0x01001008       0x24 out/components/osal/freertos/kernel/libfreertos.a(tasks.o)
                0x01001008                pcTaskGetName
 .text.vTaskStepTick
                0x0100102c       0x30 out/components/osal/freertos/kernel/libfreertos.a(tasks.o)
                0x0100102c                vTaskStepTick
 .text.xTaskIncrementTick
                0x0100105c      0x104 out/components/osal/freertos/kernel/libfreertos.a(tasks.o)
                0x0100105c                xTaskIncrementTick
 .text.xTaskResumeAll
                0x01001160       0xd4 out/components/osal/freertos/kernel/libfreertos.a(tasks.o)
                0x01001160                xTaskResumeAll
 .text.vTaskSwitchContext
                0x01001234       0x74 out/components/osal/freertos/kernel/libfreertos.a(tasks.o)
                0x01001234                vTaskSwitchContext
 .text.xTaskRemoveFromEventList
                0x010012a8       0x7c out/components/osal/freertos/kernel/libfreertos.a(tasks.o)
                0x010012a8                xTaskRemoveFromEventList
 .text.eTaskConfirmSleepModeStatus
                0x01001324       0x24 out/components/osal/freertos/kernel/libfreertos.a(tasks.o)
                0x01001324                eTaskConfirmSleepModeStatus
 .text.xTaskGetCurrentTaskHandle
                0x01001348        0x8 out/components/osal/freertos/kernel/libfreertos.a(tasks.o)
                0x01001348                xTaskGetCurrentTaskHandle
 .text.xTaskGetSchedulerState
                0x01001350       0x18 out/components/osal/freertos/kernel/libfreertos.a(tasks.o)
                0x01001350                xTaskGetSchedulerState
 .text.vTaskGetUserInfo
                0x01001368        0x8 out/components/osal/freertos/kernel/libfreertos.a(tasks.o)
                0x01001368                vTaskGetUserInfo
 .text.vTaskGetSemap
                0x01001370       0x18 out/components/osal/freertos/kernel/libfreertos.a(tasks.o)
                0x01001370                vTaskGetSemap
 .text.prvCheckForValidListAndQueue
                0x01001388       0x54 out/components/osal/freertos/kernel/libfreertos.a(timers.o)
 .text.xTimerCreate
                0x010013dc       0x50 out/components/osal/freertos/kernel/libfreertos.a(timers.o)
                0x010013dc                xTimerCreate
 .text.vListInitialise
                0x0100142c       0x14 out/components/osal/freertos/kernel/libfreertos.a(list.o)
                0x0100142c                vListInitialise
 .text.vListInitialiseItem
                0x01001440        0x8 out/components/osal/freertos/kernel/libfreertos.a(list.o)
                0x01001440                vListInitialiseItem
 .text.vListInsertEnd
                0x01001448       0x18 out/components/osal/freertos/kernel/libfreertos.a(list.o)
                0x01001448                vListInsertEnd
 .text.uxListRemove
                0x01001460       0x24 out/components/osal/freertos/kernel/libfreertos.a(list.o)
                0x01001460                uxListRemove
 .text.vPortFree
                0x01001484       0x1c out/components/osal/memmgr/libmemmgr.a(heap_mem.o)
                0x01001484                vPortFree
 .text.OS_MemInit
                0x010014a0        0x4 out/components/osal/memmgr/libmemmgr.a(heap_mem.o)
                0x010014a0                OS_MemInit
 .text.vOSMemInfo
                0x010014a4       0x74 out/components/osal/memmgr/libmemmgr.a(heap_mem.o)
                0x010014a4                vOSMemInfo
 .text.pvPortMalloc
                0x01001518       0x18 out/components/osal/memmgr/libmemmgr.a(heap_mem.o)
                0x01001518                pvPortMalloc
 .text._pvPortMalloc
                0x01001530        0x8 out/components/osal/memmgr/libmemmgr.a(heap_mem.o)
                0x01001530                _pvPortMalloc
 .text.OS_MemAlloc
                0x01001538        0x8 out/components/osal/memmgr/libmemmgr.a(heap_mem.o)
                0x01001538                OS_MemAlloc
 .text.OS_MemFree
                0x01001540        0x8 out/components/osal/memmgr/libmemmgr.a(heap_mem.o)
                0x01001540                OS_MemFree
 .text.OS_MemBusAlloc
                0x01001548        0x8 out/components/osal/memmgr/libmemmgr.a(heap_mem.o)
                0x01001548                OS_MemBusAlloc
 .text.prvHeapInit
                0x01001550       0x68 out/components/osal/memmgr/libmemmgr.a(heap_dlm.o)
 .text.prvInsertBlockIntoFreeList
                0x010015b8       0x48 out/components/osal/memmgr/libmemmgr.a(heap_dlm.o)
 .text.pvDlmPortMalloc
                0x01001600      0x104 out/components/osal/memmgr/libmemmgr.a(heap_dlm.o)
                0x01001600                pvDlmPortMalloc
 .text.vDlmPortFree
                0x01001704       0x80 out/components/osal/memmgr/libmemmgr.a(heap_dlm.o)
                0x01001704                vDlmPortFree
 .text.xDlmPortGetTotalHeapSize
                0x01001784        0x8 out/components/osal/memmgr/libmemmgr.a(heap_dlm.o)
                0x01001784                xDlmPortGetTotalHeapSize
 .text.xDlmPortGetFreeHeapSize
                0x0100178c        0xc out/components/osal/memmgr/libmemmgr.a(heap_dlm.o)
                0x0100178c                xDlmPortGetFreeHeapSize
 .text.isDlm    0x01001798       0x10 out/components/osal/memmgr/libmemmgr.a(heap_dlm.o)
                0x01001798                isDlm
 .text.ulDlmMemMaxFreeBlockSize
                0x010017a8       0x38 out/components/osal/memmgr/libmemmgr.a(heap_dlm.o)
                0x010017a8                ulDlmMemMaxFreeBlockSize
 .text.prvHeapInit
                0x010017e0       0x70 out/components/osal/memmgr/libmemmgr.a(heap_bus.o)
 .text.prvInsertBlockIntoFreeList
                0x01001850       0x48 out/components/osal/memmgr/libmemmgr.a(heap_bus.o)
 .text.pvBusPortMalloc
                0x01001898      0x104 out/components/osal/memmgr/libmemmgr.a(heap_bus.o)
                0x01001898                pvBusPortMalloc
 .text.vBusPortFree
                0x0100199c       0x80 out/components/osal/memmgr/libmemmgr.a(heap_bus.o)
                0x0100199c                vBusPortFree
 .text.xBusPortGetFreeHeapSize
                0x01001a1c        0xc out/components/osal/memmgr/libmemmgr.a(heap_bus.o)
                0x01001a1c                xBusPortGetFreeHeapSize
 .text.xBusPortGetTotalHeapSize
                0x01001a28        0xc out/components/osal/memmgr/libmemmgr.a(heap_bus.o)
                0x01001a28                xBusPortGetTotalHeapSize
 .text.ulBusMemMaxFreeBlockSize
                0x01001a34       0x38 out/components/osal/memmgr/libmemmgr.a(heap_bus.o)
                0x01001a34                ulBusMemMaxFreeBlockSize
 .text.intc_comm_set_priority
                0x01001a6c       0x9c out/components/sys/libsrm_sys.a(intc.o)
                0x01001a6c                intc_comm_set_priority
 .text.intc_comm_irq_enable
                0x01001b08       0x14 out/components/sys/libsrm_sys.a(intc.o)
                0x01001b08                intc_comm_irq_enable
 .text.intc_comm_register_isr
                0x01001b1c       0x10 out/components/sys/libsrm_sys.a(intc.o)
                0x01001b1c                intc_comm_register_isr
 .text.intc_register_isr
                0x01001b2c        0xc out/components/sys/libsrm_sys.a(intc.o)
                0x01001b2c                intc_register_isr
 .text.intc_irq_clean_all
                0x01001b38        0x4 out/components/sys/libsrm_sys.a(intc.o)
                0x01001b38                intc_irq_clean_all
 .text.intc_irq_set_priority
                0x01001b3c       0x54 out/components/sys/libsrm_sys.a(intc.o)
                0x01001b3c                intc_irq_set_priority
 .text.intc_init
                0x01001b90       0x80 out/components/sys/libsrm_sys.a(intc.o)
                0x01001b90                intc_init
 .text.intc_irq_set_priority_all
                0x01001c10        0xc out/components/sys/libsrm_sys.a(intc.o)
                0x01001c10                intc_irq_set_priority_all
 .text.intc_irq_enable
                0x01001c1c       0x38 out/components/sys/libsrm_sys.a(intc.o)
                0x01001c1c                intc_irq_enable
 .text.intc_comm_irq_all_enable
                0x01001c54       0x1c out/components/sys/libsrm_sys.a(intc.o)
                0x01001c54                intc_comm_irq_all_enable
 .text.intc_irq_disable
                0x01001c70       0x3c out/components/sys/libsrm_sys.a(intc.o)
                0x01001c70                intc_irq_disable
 .text.intc_irq_disable_all
                0x01001cac       0x14 out/components/sys/libsrm_sys.a(intc.o)
                0x01001cac                intc_irq_disable_all
 .text.proftick_start
                0x01001cc0       0x18 out/components/sys/libsrm_sys.a(proftick.o)
                0x01001cc0                proftick_start
 .text.proftick_elapsed_ms
                0x01001cd8       0x10 out/components/sys/libsrm_sys.a(proftick.o)
                0x01001cd8                proftick_elapsed_ms
 .text.proftick_isr
                0x01001ce8       0x20 out/components/sys/libsrm_sys.a(proftick.o)
                0x01001ce8                proftick_isr
 .text._soc_clk_init
                0x01001d08       0x28 out/components/sys/libsrm_sys.a(sys_clock.o)
                0x01001d08                _soc_clk_init
 .text.exception_info
                0x01001d30        0xc out/components/sys/libsrm_sys.a(exception_info.o)
                0x01001d30                exception_info
 .text.sys_add_protected
                0x01001d3c       0xdc out/components/sys/libsrm_sys.a(exception_info.o)
                0x01001d3c                sys_add_protected
 .text.dbg_info
                0x01001e18      0x110 out/components/sys/libsrm_sys.a(exception_info.o)
                0x01001e18                dbg_info
 .text.print_callstack
                0x01001f28        0x4 out/components/sys/libsrm_sys.a(backtrace.o)
                0x01001f28                print_callstack
 .text.__put_char
                0x01001f2c       0x14 out/components/tools/cli/libcli.a(cli.o)
 .text.uart_rx_isr
                0x01001f40       0x70 out/components/tools/cli/libcli.a(cli.o)
                0x01001f40                uart_rx_isr
 .text.drv_uart_tx_0
                0x01001fb0        0x8 out/components/tools/cli/libcli.a(cli.o)
                0x01001fb0                drv_uart_tx_0
 .text.Cli_Init
                0x01001fb8       0x6c out/components/tools/cli/libcli.a(cli.o)
                0x01001fb8                Cli_Init
 .text.uart_read
                0x01002024       0x50 out/components/tools/cli/libcli.a(cli.o)
                0x01002024                uart_read
 .text.Cli_Start
                0x01002074      0x2f0 out/components/tools/cli/libcli.a(cli.o)
                0x01002074                Cli_Start
 .text.Cli_Task
                0x01002364        0xc out/components/tools/cli/libcli.a(cli.o)
                0x01002364                Cli_Task
 .text.ssvradio_init_task
                0x01002370       0x54 out/projects/SMAC/src/app/libmain.a(main.o)
                0x01002370                ssvradio_init_task
 .text.APP_Init
                0x010023c4       0x90 out/projects/SMAC/src/app/libmain.a(main.o)
                0x010023c4                APP_Init
 .text.Cmd_meminfo
                0x01002454       0x18 out/projects/SMAC/src/app/libmain.a(custom_cmd.o)
                0x01002454                Cmd_meminfo
 .text.Cmd_sysinfo
                0x0100246c       0x18 out/projects/SMAC/src/app/libmain.a(custom_cmd.o)
                0x0100246c                Cmd_sysinfo
 .text.Cmd_WriteReg32
                0x01002484       0x44 out/projects/SMAC/src/app/libmain.a(custom_cmd.o)
                0x01002484                Cmd_WriteReg32
 .text.Cmd_ReadReg32
                0x010024c8       0x4c out/projects/SMAC/src/app/libmain.a(custom_cmd.o)
                0x010024c8                Cmd_ReadReg32
 .text.Cmd_mac_recovery
                0x01002514       0x18 out/projects/SMAC/src/app/libmain.a(custom_cmd.o)
                0x01002514                Cmd_mac_recovery
 .text.Cmd_hwmac_info
                0x0100252c        0xc out/projects/SMAC/src/app/libmain.a(custom_cmd.o)
                0x0100252c                Cmd_hwmac_info
 .text.Cmd_Show_mcs_power
                0x01002538       0xbc out/projects/SMAC/src/app/libmain.a(custom_cmd.o)
                0x01002538                Cmd_Show_mcs_power
 .text.hex_dump_2
                0x010025f4       0x98 out/projects/SMAC/src/app/libmain.a(custom_cmd.o)
                0x010025f4                hex_dump_2
 .text.dump_tx_packet_info
                0x0100268c       0x44 out/projects/SMAC/src/app/libmain.a(custom_cmd.o)
                0x0100268c                dump_tx_packet_info
 .text.Cmd_Mib  0x010026d0      0x5e8 out/projects/SMAC/src/app/libmain.a(custom_cmd.o)
                0x010026d0                Cmd_Mib
 .text.irq_usb_handler
                0x01002cb8      0x270 out/projects/SMAC/src/driver/usb/libdrv_usb.a(drv_usb.o)
 .text.drv_usb_init
                0x01002f28       0x58 out/projects/SMAC/src/driver/usb/libdrv_usb.a(drv_usb.o)
                0x01002f28                drv_usb_init
 .text.clearFeature
                0x01002f80       0xa4 out/projects/SMAC/src/driver/usb/libdrv_usb.a(stdreq.o)
 .text.setFeature
                0x01003024       0xb4 out/projects/SMAC/src/driver/usb/libdrv_usb.a(stdreq.o)
 .text.getStatus
                0x010030d8       0x64 out/projects/SMAC/src/driver/usb/libdrv_usb.a(stdreq.o)
 .text.setAddress
                0x0100313c       0x5c out/projects/SMAC/src/driver/usb/libdrv_usb.a(stdreq.o)
 .text.getDescriptor
                0x01003198       0x60 out/projects/SMAC/src/driver/usb/libdrv_usb.a(stdreq.o)
 .text.getConfiguration
                0x010031f8       0x60 out/projects/SMAC/src/driver/usb/libdrv_usb.a(stdreq.o)
 .text.setConfiguration
                0x01003258       0x70 out/projects/SMAC/src/driver/usb/libdrv_usb.a(stdreq.o)
 .text.setInterface
                0x010032c8       0x40 out/projects/SMAC/src/driver/usb/libdrv_usb.a(stdreq.o)
 .text.getInterface
                0x01003308       0x44 out/projects/SMAC/src/driver/usb/libdrv_usb.a(stdreq.o)
 .text.InitStdReq
                0x0100334c       0x70 out/projects/SMAC/src/driver/usb/libdrv_usb.a(stdreq.o)
                0x0100334c                InitStdReq
 .text.InitU2DevDesc
                0x010033bc       0xa8 out/projects/SMAC/src/driver/usb/libdrv_usb.a(u2devdesc.o)
                0x010033bc                InitU2DevDesc
 .text.usb_fsm_reg_rw_rst_evhandler
                0x01003464        0xc out/projects/SMAC/src/driver/usb/libdrv_usb.a(drv_usb_fsm.o)
                0x01003464                usb_fsm_reg_rw_rst_evhandler
 .text.usb_fsm_rreg_data_stage_evhandler
                0x01003470       0x58 out/projects/SMAC/src/driver/usb/libdrv_usb.a(drv_usb_fsm.o)
                0x01003470                usb_fsm_rreg_data_stage_evhandler
 .text.usb_fsm_wreg_data_stage_evhandler
                0x010034c8       0x18 out/projects/SMAC/src/driver/usb/libdrv_usb.a(drv_usb_fsm.o)
                0x010034c8                usb_fsm_wreg_data_stage_evhandler
 .text.usb_fsm_reg_rw_err_evhandler
                0x010034e0       0x3c out/projects/SMAC/src/driver/usb/libdrv_usb.a(drv_usb_fsm.o)
                0x010034e0                usb_fsm_reg_rw_err_evhandler
 .text.usb_fsm_reg_adr_evhandler
                0x0100351c       0x24 out/projects/SMAC/src/driver/usb/libdrv_usb.a(drv_usb_fsm.o)
                0x0100351c                usb_fsm_reg_adr_evhandler
 .text.sys_sdio_power_off
                0x01003540       0x20 out/components/bsp/soc/lowpower/liblowpower.a(rtos_lowpower_ssv6030B1.o)
                0x01003540                sys_sdio_power_off
 .text.pmu_dev_register
                0x01003560       0x44 out/components/bsp/soc/lowpower/liblowpower.a(pmu_6030.o)
                0x01003560                pmu_dev_register
 .text.pmu_dev_unregister
                0x010035a4       0x44 out/components/bsp/soc/lowpower/liblowpower.a(pmu_6030.o)
                0x010035a4                pmu_dev_unregister
 .text.pmu_dev_busy
                0x010035e8       0x44 out/components/bsp/soc/lowpower/liblowpower.a(pmu_6030.o)
                0x010035e8                pmu_dev_busy
 .text.pmu_dev_suspend
                0x0100362c       0x48 out/components/bsp/soc/lowpower/liblowpower.a(pmu_6030.o)
                0x0100362c                pmu_dev_suspend
 .text.pmu_dev_suspend_late
                0x01003674       0x48 out/components/bsp/soc/lowpower/liblowpower.a(pmu_6030.o)
                0x01003674                pmu_dev_suspend_late
 .text.pmu_dev_resume
                0x010036bc       0x44 out/components/bsp/soc/lowpower/liblowpower.a(pmu_6030.o)
                0x010036bc                pmu_dev_resume
 .text.pmu_dev_resume_early
                0x01003700       0x44 out/components/bsp/soc/lowpower/liblowpower.a(pmu_6030.o)
                0x01003700                pmu_dev_resume_early
 .text.pmu_get_xtal
                0x01003744       0x28 out/components/bsp/soc/lowpower/liblowpower.a(pmu_6030.o)
                0x01003744                pmu_get_xtal
 .text.bsp_init
                0x0100376c       0x5c out/components/bsp/soc/sys/libbsp.a(bsp.o)
                0x0100376c                bsp_init
 .text.system_us2delaytick
                0x010037c8        0x8 out/components/bsp/soc/sys/libbsp.a(bsp.o)
                0x010037c8                system_us2delaytick
 .text.vAssertCalled
                0x010037d0       0x28 out/components/bsp/soc/sys/libbsp.a(bsp.o)
                0x010037d0                vAssertCalled
 .text.lowpower_dormant_gpio_hook
                0x010037f8        0x4 out/components/bsp/soc/sys/libbsp.a(bsp.o)
                0x010037f8                lowpower_dormant_gpio_hook
 .text.drv_hsuart_set_format
                0x010037fc        0x8 out/components/drv/hsuart/libhsuart.a(drv_hsuart.o)
                0x010037fc                drv_hsuart_set_format
 .text.rf_enable_tcsr
                0x01003804       0x2c out/components/drv/phy/libphy.a(rf_api.o)
                0x01003804                rf_enable_tcsr
 .text.dump_rf_table
                0x01003830       0x24 out/components/drv/phy/libphy.a(rf_api.o)
                0x01003830                dump_rf_table
 .text.get_current_temperature
                0x01003854       0xfc out/components/drv/phy/libphy.a(rf_api.o)
                0x01003854                get_current_temperature
 .text.get_current_tempe_state
                0x01003950       0xdc out/components/drv/phy/libphy.a(rf_api.o)
                0x01003950                get_current_tempe_state
 .text.write_reg_band_gain
                0x01003a2c       0x2c out/components/drv/phy/libphy.a(rf_api.o)
                0x01003a2c                write_reg_band_gain
 .text.write_reg_freq_xi_xo
                0x01003a58       0x30 out/components/drv/phy/libphy.a(rf_api.o)
                0x01003a58                write_reg_freq_xi_xo
 .text.write_reg_tempe_table
                0x01003a88       0x4c out/components/drv/phy/libphy.a(rf_api.o)
                0x01003a88                write_reg_tempe_table
 .text.load_rf_table_rate_band_to_mac
                0x01003ad4       0xd0 out/components/drv/phy/libphy.a(rf_api.o)
                0x01003ad4                load_rf_table_rate_band_to_mac
 .text.load_rf_table_to_mac
                0x01003ba4      0x154 out/components/drv/phy/libphy.a(rf_api.o)
                0x01003ba4                load_rf_table_to_mac
 .text.do_temerature_compensation
                0x01003cf8      0x184 out/components/drv/phy/libphy.a(rf_api.o)
                0x01003cf8                do_temerature_compensation
 .text.rf_get_rate_gain
                0x01003e7c       0x18 out/components/drv/phy/libphy.a(rf_api.o)
                0x01003e7c                rf_get_rate_gain
 .text.rf_get_mcs_power
                0x01003e94       0xc0 out/components/drv/phy/libphy.a(rf_api.o)
                0x01003e94                rf_get_mcs_power
 .text._rf_improve_mcs
                0x01003f54      0x198 out/components/drv/phy/libphy.a(rf_api.o)
                0x01003f54                _rf_improve_mcs
 .text._update_green_tx
                0x010040ec       0xa0 out/components/drv/phy/libphy.a(rssi_api.o)
                0x010040ec                _update_green_tx
 .text.drv_phy_compensation_reset
                0x0100418c       0x1c out/components/drv/phy/libphy.a(rssi_api.o)
                0x0100418c                drv_phy_compensation_reset
 .text.drv_phy_rssi_reset
                0x010041a8       0x20 out/components/drv/phy/libphy.a(rssi_api.o)
                0x010041a8                drv_phy_rssi_reset
 .text.drv_phy_rssi_aver_compen
                0x010041c8       0x88 out/components/drv/phy/libphy.a(rssi_api.o)
                0x010041c8                drv_phy_rssi_aver_compen
 .text.drv_phy_set_greentx_en
                0x01004250       0x20 out/components/drv/phy/libphy.a(rssi_api.o)
                0x01004250                drv_phy_set_greentx_en
 .text.drv_phy_get_greentx_en
                0x01004270        0xc out/components/drv/phy/libphy.a(rssi_api.o)
                0x01004270                drv_phy_get_greentx_en
 .text.drv_phy_get_greetx_adj_gain
                0x0100427c       0x28 out/components/drv/phy/libphy.a(rssi_api.o)
                0x0100427c                drv_phy_get_greetx_adj_gain
 .text.drv_phy_rssi_process
                0x010042a4       0x3c out/components/drv/phy/libphy.a(rssi_api.o)
                0x010042a4                drv_phy_rssi_process
 .text.fw_house_keeping_routine
                0x010042e0      0x190 out/components/drv/phy/libphy.a(rf_ops.o)
 .text.fw_house_keeping_init
                0x01004470       0x5c out/components/drv/phy/libphy.a(rf_ops.o)
                0x01004470                fw_house_keeping_init
 .text.ssv_rf_cmd_init_pll_phy_rf
                0x010044cc       0x64 out/components/drv/phy/libphy.a(rf_ops.o)
                0x010044cc                ssv_rf_cmd_init_pll_phy_rf
 .text.rf_cmd_load_rf_conf_table
                0x01004530       0x1c out/components/drv/phy/libphy.a(rf_ops.o)
                0x01004530                rf_cmd_load_rf_conf_table
 .text.rf_cmd_phyrf_ops
                0x0100454c       0x40 out/components/drv/phy/libphy.a(rf_ops.o)
                0x0100454c                rf_cmd_phyrf_ops
 .text.ssv6030B1_cali_backup
                0x0100458c       0x2c out/components/drv/phy/libphy.a(phy_common.o)
                0x0100458c                ssv6030B1_cali_backup
 .text.ssv6030B1_get_tx_pwr_cali
                0x010045b8       0x2c out/components/drv/phy/libphy.a(phy_common.o)
                0x010045b8                ssv6030B1_get_tx_pwr_cali
 .text.apply_high_power
                0x010045e4        0xc out/components/drv/phy/libphy.a(phy_common.o)
                0x010045e4                apply_high_power
 .text.comport_uart_write_fifo
                0x010045f0        0xc out/components/drv/uart/libuart.a(drv_comport.o)
                0x010045f0                comport_uart_write_fifo
 .text.comport_uart_read_fifo
                0x010045fc        0xc out/components/drv/uart/libuart.a(drv_comport.o)
                0x010045fc                comport_uart_read_fifo
 .text.comport_hsuart_rx_fifo_reset
                0x01004608        0x4 out/components/drv/uart/libuart.a(drv_comport.o)
                0x01004608                comport_hsuart_rx_fifo_reset
 .text.comport_uart_register_isr
                0x0100460c        0x8 out/components/drv/uart/libuart.a(drv_comport.o)
                0x0100460c                comport_uart_register_isr
 .text.comport_uart_init
                0x01004614        0x8 out/components/drv/uart/libuart.a(drv_comport.o)
                0x01004614                comport_uart_init
 .text.comport_uart_deinit
                0x0100461c        0x8 out/components/drv/uart/libuart.a(drv_comport.o)
                0x0100461c                comport_uart_deinit
 .text.comport_uart_set_format
                0x01004624        0x8 out/components/drv/uart/libuart.a(drv_comport.o)
                0x01004624                comport_uart_set_format
 .text.comport_uart_sw_rst
                0x0100462c        0x8 out/components/drv/uart/libuart.a(drv_comport.o)
                0x0100462c                comport_uart_sw_rst
 .text.comport_uart_get_line_status
                0x01004634        0x8 out/components/drv/uart/libuart.a(drv_comport.o)
                0x01004634                comport_uart_get_line_status
 .text.comport_uart_is_receiver_available
                0x0100463c        0xc out/components/drv/uart/libuart.a(drv_comport.o)
                0x0100463c                comport_uart_is_receiver_available
 .text.comport_uart_is_transmitter_idle
                0x01004648        0xc out/components/drv/uart/libuart.a(drv_comport.o)
                0x01004648                comport_uart_is_transmitter_idle
 .text.comport_uart_direct_read_byte
                0x01004654        0x8 out/components/drv/uart/libuart.a(drv_comport.o)
                0x01004654                comport_uart_direct_read_byte
 .text.comport_hsuart_register_isr
                0x0100465c       0x14 out/components/drv/uart/libuart.a(drv_comport.o)
                0x0100465c                comport_hsuart_register_isr
 .text.comport_hsuart_init
                0x01004670        0xc out/components/drv/uart/libuart.a(drv_comport.o)
                0x01004670                comport_hsuart_init
 .text.comport_hsuart_deinit
                0x0100467c        0xc out/components/drv/uart/libuart.a(drv_comport.o)
                0x0100467c                comport_hsuart_deinit
 .text.comport_hsuart_set_format
                0x01004688       0x1c out/components/drv/uart/libuart.a(drv_comport.o)
                0x01004688                comport_hsuart_set_format
 .text.comport_hsuart_write_fifo
                0x010046a4       0x18 out/components/drv/uart/libuart.a(drv_comport.o)
                0x010046a4                comport_hsuart_write_fifo
 .text.comport_hsuart_read_fifo
                0x010046bc       0x18 out/components/drv/uart/libuart.a(drv_comport.o)
                0x010046bc                comport_hsuart_read_fifo
 .text.comport_hsuart_sw_rst
                0x010046d4        0xc out/components/drv/uart/libuart.a(drv_comport.o)
                0x010046d4                comport_hsuart_sw_rst
 .text.comport_hsuart_get_line_status
                0x010046e0        0xc out/components/drv/uart/libuart.a(drv_comport.o)
                0x010046e0                comport_hsuart_get_line_status
 .text.comport_hsuart_is_receiver_available
                0x010046ec        0xc out/components/drv/uart/libuart.a(drv_comport.o)
                0x010046ec                comport_hsuart_is_receiver_available
 .text.comport_hsuart_is_transmitter_idle
                0x010046f8       0x10 out/components/drv/uart/libuart.a(drv_comport.o)
                0x010046f8                comport_hsuart_is_transmitter_idle
 .text.comport_hsuart_direct_read_byte
                0x01004708        0xc out/components/drv/uart/libuart.a(drv_comport.o)
                0x01004708                comport_hsuart_direct_read_byte
 .text.drv_comport_register_isr
                0x01004714       0x14 out/components/drv/uart/libuart.a(drv_comport.o)
                0x01004714                drv_comport_register_isr
 .text.drv_comport_init
                0x01004728       0x50 out/components/drv/uart/libuart.a(drv_comport.o)
                0x01004728                drv_comport_init
 .text.drv_comport_set_format
                0x01004778       0x18 out/components/drv/uart/libuart.a(drv_comport.o)
                0x01004778                drv_comport_set_format
 .text.drv_comport_write_fifo
                0x01004790       0x20 out/components/drv/uart/libuart.a(drv_comport.o)
                0x01004790                drv_comport_write_fifo
 .text.drv_comport_read_fifo
                0x010047b0       0x18 out/components/drv/uart/libuart.a(drv_comport.o)
                0x010047b0                drv_comport_read_fifo
 .text.drv_comport_get_line_status
                0x010047c8       0x18 out/components/drv/uart/libuart.a(drv_comport.o)
                0x010047c8                drv_comport_get_line_status
 .text.drv_comport_direct_read_byte
                0x010047e0       0x18 out/components/drv/uart/libuart.a(drv_comport.o)
                0x010047e0                drv_comport_direct_read_byte
 .text.txl_hwdesc_config_pre.isra.13
                0x010047f8       0x3c out/components/macsw_v6_9_1/ip/lmac/librwnx_lmac.a(txl_cntrl.o)
 .text.txl_payload_handle.isra.18
                0x01004834      0x1c4 out/components/macsw_v6_9_1/ip/lmac/librwnx_lmac.a(txl_cntrl.o)
 .text._dbg_ac_txlist
                0x010049f8      0x1e0 out/components/macsw_v6_9_1/ip/lmac/librwnx_lmac.a(txl_cntrl.o)
                0x010049f8                _dbg_ac_txlist
 .text.dbg_all_ac_txlist
                0x01004bd8       0x94 out/components/macsw_v6_9_1/ip/lmac/librwnx_lmac.a(txl_cntrl.o)
                0x01004bd8                dbg_all_ac_txlist
 .text.txl_frame_free_cnt
                0x01004c6c       0x10 out/components/macsw_v6_9_1/ip/lmac/librwnx_lmac.a(txl_frame.o)
                0x01004c6c                txl_frame_free_cnt
 .text.txl_frame_evt
                0x01004c7c       0x70 out/components/macsw_v6_9_1/ip/lmac/librwnx_lmac.a(txl_frame.o)
                0x01004c7c                txl_frame_evt
 .text.txl_vht_idx_to_32us_len_get
                0x01004cec       0x14 out/components/macsw_v6_9_1/ip/lmac/librwnx_lmac.a(txl_agg.o)
 .text.txl_vht_idx_to_1us_len_get
                0x01004d00       0x14 out/components/macsw_v6_9_1/ip/lmac/librwnx_lmac.a(txl_agg.o)
 .text.txl_ampdu_constraints_get.isra.13
                0x01004d14      0x134 out/components/macsw_v6_9_1/ip/lmac/librwnx_lmac.a(txl_agg.o)
 .text.txl_agg_reformat
                0x01004e48      0x1ec out/components/macsw_v6_9_1/ip/lmac/librwnx_lmac.a(txl_agg.o)
 .text.__rom_patch_v1_txl_agg_push_mpdu
                0x01005034      0x230 out/components/macsw_v6_9_1/ip/lmac/librwnx_lmac.a(txl_agg.o)
                0x01005034                __rom_patch_v1_txl_agg_push_mpdu
 .text.__rom_patch_v1_txl_agg_reconfig_ampdu
                0x01005264       0xd8 out/components/macsw_v6_9_1/ip/lmac/librwnx_lmac.a(txl_agg.o)
                0x01005264                __rom_patch_v1_txl_agg_reconfig_ampdu
 .text.__rom_patch_v1_txl_he_tb_ppdu_get
                0x0100533c       0xe4 out/components/macsw_v6_9_1/ip/lmac/librwnx_lmac.a(txl_he.o)
                0x0100533c                __rom_patch_v1_txl_he_tb_ppdu_get
 .text.__rom_patch_v1_vif_mgmt_register
                0x01005420      0x250 out/components/macsw_v6_9_1/ip/lmac/librwnx_lmac.a(vif_mgmt.o)
                0x01005420                __rom_patch_v1_vif_mgmt_register
 .text.mm_key_ram_param_get
                0x01005670       0x54 out/components/macsw_v6_9_1/ip/lmac/librwnx_lmac.a(mm.o)
 .text.mm_ap_probe_check_cfm
                0x010056c4       0x10 out/components/macsw_v6_9_1/ip/lmac/librwnx_lmac.a(mm.o)
                0x010056c4                mm_ap_probe_check_cfm
 .text.mm_ap_probe_cfm.part.1
                0x010056d4        0xc out/components/macsw_v6_9_1/ip/lmac/librwnx_lmac.a(mm.o)
 .text.mm_ap_probe_cfm
                0x010056e0       0x18 out/components/macsw_v6_9_1/ip/lmac/librwnx_lmac.a(mm.o)
 .text.__rom_patch_v1_mm_hw_info_set
                0x010056f8       0x8c out/components/macsw_v6_9_1/ip/lmac/librwnx_lmac.a(mm.o)
                0x010056f8                __rom_patch_v1_mm_hw_info_set
 .text.p2p_go_check_ps_mode
                0x01005784       0x4c out/components/macsw_v6_9_1/ip/lmac/librwnx_lmac.a(p2p.o)
                0x01005784                p2p_go_check_ps_mode
 .text.td_reset_counter
                0x010057d0       0x1c out/components/macsw_v6_9_1/ip/lmac/librwnx_lmac.a(td.o)
                0x010057d0                td_reset_counter
 .text.__rom_patch_v1_hal_machw_reset
                0x010057ec       0x6c out/components/macsw_v6_9_1/ip/lmac/librwnx_lmac.a(hal_machw.o)
                0x010057ec                __rom_patch_v1_hal_machw_reset
 .text.tpc_set_tx_power_value
                0x01005858       0x14 out/components/macsw_v6_9_1/ip/lmac/librwnx_lmac.a(tpc.o)
                0x01005858                tpc_set_tx_power_value
 .text.chan_vif_tbtt_intv
                0x0100586c       0x30 out/components/macsw_v6_9_1/ip/lmac/librwnx_lmac.a(chan.o)
 .text.chan_schedule_one_switch
                0x0100589c       0x64 out/components/macsw_v6_9_1/ip/lmac/librwnx_lmac.a(chan.o)
 .text.chan_cancel_all_switch
                0x01005900       0x38 out/components/macsw_v6_9_1/ip/lmac/librwnx_lmac.a(chan.o)
 .text.chan_send_survey_ind
                0x01005938       0x6c out/components/macsw_v6_9_1/ip/lmac/librwnx_lmac.a(chan.o)
 .text.chan_send_roc_exp_ind
                0x010059a4       0x30 out/components/macsw_v6_9_1/ip/lmac/librwnx_lmac.a(chan.o)
 .text.chan_ctxt_init
                0x010059d4       0x20 out/components/macsw_v6_9_1/ip/lmac/librwnx_lmac.a(chan.o)
 .text.chan_send_switch_ind.part.10
                0x010059f4       0x3c out/components/macsw_v6_9_1/ip/lmac/librwnx_lmac.a(chan.o)
 .text.chan_send_pre_switch_ind.isra.11.part.12
                0x01005a30       0x1c out/components/macsw_v6_9_1/ip/lmac/librwnx_lmac.a(chan.o)
 .text.chan_add_next_tbtt.constprop.14
                0x01005a4c      0x228 out/components/macsw_v6_9_1/ip/lmac/librwnx_lmac.a(chan.o)
 .text.chan_fix_ctxt_until
                0x01005c74       0xc4 out/components/macsw_v6_9_1/ip/lmac/librwnx_lmac.a(chan.o)
 .text.chan_conn_less_delay_evt
                0x01005d38       0x4c out/components/macsw_v6_9_1/ip/lmac/librwnx_lmac.a(chan.o)
 .text.chan_conn_less_delay_prog
                0x01005d84       0x3c out/components/macsw_v6_9_1/ip/lmac/librwnx_lmac.a(chan.o)
 .text.__rom_pf_v1_chan_pre_switch_channel
                0x01005dc0       0x58 out/components/macsw_v6_9_1/ip/lmac/librwnx_lmac.a(chan.o)
                0x01005dc0                __rom_pf_v1_chan_pre_switch_channel
 .text.__rom_patch_v1_chan_bcn_detect_start
                0x01005e18       0x98 out/components/macsw_v6_9_1/ip/lmac/librwnx_lmac.a(chan.o)
                0x01005e18                __rom_patch_v1_chan_bcn_detect_start
 .text.rxl_cntrl_evt
                0x01005eb0       0xb0 out/components/macsw_v6_9_1/ip/lmac/librwnx_lmac.a(rxl_cntrl.o)
                0x01005eb0                rxl_cntrl_evt
 .text.me_init  0x01005f60       0x30 out/components/macsw_v6_9_1/ip/umac/librwnx_umac.a(me.o)
                0x01005f60                me_init
 .text.me_freq_to_chan_def
                0x01005f90       0x38 out/components/macsw_v6_9_1/ip/umac/librwnx_umac.a(me.o)
                0x01005f90                me_freq_to_chan_def
 .text.me_chan_id_to_chan_def
                0x01005fc8       0x40 out/components/macsw_v6_9_1/ip/umac/librwnx_umac.a(me.o)
                0x01005fc8                me_chan_id_to_chan_def
 .text.me_init_chan
                0x01006008       0x34 out/components/macsw_v6_9_1/ip/umac/librwnx_umac.a(me.o)
                0x01006008                me_init_chan
 .text.me_sta_del
                0x0100603c       0x30 out/components/macsw_v6_9_1/ip/umac/librwnx_umac.a(me.o)
                0x0100603c                me_sta_del
 .text.me_send_data_flushed_ind
                0x0100606c       0x40 out/components/macsw_v6_9_1/ip/umac/librwnx_umac.a(me.o)
                0x0100606c                me_send_data_flushed_ind
 .text.me_set_sta_ht_vht_param
                0x010060ac      0x110 out/components/macsw_v6_9_1/ip/umac/librwnx_umac.a(me_utils.o)
                0x010060ac                me_set_sta_ht_vht_param
 .text.me_11ac_mcs_max
                0x010061bc       0x18 out/components/macsw_v6_9_1/ip/umac/librwnx_umac.a(me_utils.o)
                0x010061bc                me_11ac_mcs_max
 .text.me_11ax_mcs_max
                0x010061d4       0x18 out/components/macsw_v6_9_1/ip/umac/librwnx_umac.a(me_utils.o)
                0x010061d4                me_11ax_mcs_max
 .text.me_11ac_nss_max
                0x010061ec       0x1c out/components/macsw_v6_9_1/ip/umac/librwnx_umac.a(me_utils.o)
                0x010061ec                me_11ac_nss_max
 .text.me_11n_nss_max
                0x01006208       0x14 out/components/macsw_v6_9_1/ip/umac/librwnx_umac.a(me_utils.o)
                0x01006208                me_11n_nss_max
 .text.me_legacy_ridx_min
                0x0100621c       0x18 out/components/macsw_v6_9_1/ip/umac/librwnx_umac.a(me_utils.o)
                0x0100621c                me_legacy_ridx_min
 .text.me_legacy_ridx_max
                0x01006234       0x28 out/components/macsw_v6_9_1/ip/umac/librwnx_umac.a(me_utils.o)
                0x01006234                me_legacy_ridx_max
 .text.me_get_ampdu_params
                0x0100625c       0x88 out/components/macsw_v6_9_1/ip/umac/librwnx_umac.a(me_utils.o)
                0x0100625c                me_get_ampdu_params
 .text.me_rate_translate
                0x010062e4       0x78 out/components/macsw_v6_9_1/ip/umac/librwnx_umac.a(me_utils.o)
                0x010062e4                me_rate_translate
 .text.me_legacy_rate_bitfield_build
                0x0100635c       0x44 out/components/macsw_v6_9_1/ip/umac/librwnx_umac.a(me_utils.o)
                0x0100635c                me_legacy_rate_bitfield_build
 .text.me_rate_bitfield_vht_build
                0x010063a0       0x44 out/components/macsw_v6_9_1/ip/umac/librwnx_umac.a(me_utils.o)
                0x010063a0                me_rate_bitfield_vht_build
 .text.me_build_capability
                0x010063e4       0x24 out/components/macsw_v6_9_1/ip/umac/librwnx_umac.a(me_utils.o)
                0x010063e4                me_build_capability
 .text.me_build_bss_color_reg
                0x01006408       0x1c out/components/macsw_v6_9_1/ip/umac/librwnx_umac.a(me_utils.o)
                0x01006408                me_build_bss_color_reg
 .text.me_init_bcmc_rate
                0x01006424       0x4c out/components/macsw_v6_9_1/ip/umac/librwnx_umac.a(me_utils.o)
                0x01006424                me_init_bcmc_rate
 .text.me_update_buffer_control
                0x01006470      0x3a4 out/components/macsw_v6_9_1/ip/umac/librwnx_umac.a(me_utils.o)
                0x01006470                me_update_buffer_control
 .text.me_init_rate
                0x01006814       0x14 out/components/macsw_v6_9_1/ip/umac/librwnx_umac.a(me_utils.o)
                0x01006814                me_init_rate
 .text.me_sta_bw_nss_max_upd
                0x01006828      0x10c out/components/macsw_v6_9_1/ip/umac/librwnx_umac.a(me_utils.o)
                0x01006828                me_sta_bw_nss_max_upd
 .text.me_vht_bandwidth_parse
                0x01006934      0x110 out/components/macsw_v6_9_1/ip/umac/librwnx_umac.a(me_utils.o)
                0x01006934                me_vht_bandwidth_parse
 .text.me_bw_check
                0x01006a44       0x7c out/components/macsw_v6_9_1/ip/umac/librwnx_umac.a(me_utils.o)
                0x01006a44                me_bw_check
 .text.me_beacon_check
                0x01006ac0      0x480 out/components/macsw_v6_9_1/ip/umac/librwnx_umac.a(me_utils.o)
                0x01006ac0                me_beacon_check
 .text.get_protection_status
                0x01006f40        0xc out/components/macsw_v6_9_1/ip/umac/librwnx_umac.a(me_utils.o)
                0x01006f40                get_protection_status
 .text.mm_roc_channel_start_ind_handler
                0x01006f4c       0x28 out/components/macsw_v6_9_1/ip/umac/librwnx_umac.a(sm_task.o)
 .text.me_data_path_flushed_ind_handler
                0x01006f74       0x1c out/components/macsw_v6_9_1/ip/umac/librwnx_umac.a(sm_task.o)
 .text.sm_ft_auth_rsp_handler
                0x01006f90       0x20 out/components/macsw_v6_9_1/ip/umac/librwnx_umac.a(sm_task.o)
 .text.sm_external_auth_required_rsp_handler
                0x01006fb0       0x20 out/components/macsw_v6_9_1/ip/umac/librwnx_umac.a(sm_task.o)
 .text.mm_chan_ctxt_unlink_cfm_handler
                0x01006fd0       0x1c out/components/macsw_v6_9_1/ip/umac/librwnx_umac.a(sm_task.o)
 .text.mm_sta_del_cfm_handler
                0x01006fec       0x1c out/components/macsw_v6_9_1/ip/umac/librwnx_umac.a(sm_task.o)
 .text.me_set_ps_disable_cfm_handler
                0x01007008       0x4c out/components/macsw_v6_9_1/ip/umac/librwnx_umac.a(sm_task.o)
 .text.mm_bss_param_setting_handler
                0x01007054       0x1c out/components/macsw_v6_9_1/ip/umac/librwnx_umac.a(sm_task.o)
 .text.scanu_start_cfm_handler
                0x01007070       0x3c out/components/macsw_v6_9_1/ip/umac/librwnx_umac.a(sm_task.o)
 .text.mm_sta_add_cfm_handler
                0x010070ac      0x194 out/components/macsw_v6_9_1/ip/umac/librwnx_umac.a(sm_task.o)
 .text.mm_connection_loss_ind_handler
                0x01007240       0x4c out/components/macsw_v6_9_1/ip/umac/librwnx_umac.a(sm_task.o)
 .text.scanu_join_cfm_handler
                0x0100728c      0x17c out/components/macsw_v6_9_1/ip/umac/librwnx_umac.a(sm_task.o)
 .text.sm_connect_req_handler
                0x01007408      0x158 out/components/macsw_v6_9_1/ip/umac/librwnx_umac.a(sm_task.o)
 .text.rxu_mgt_ind_handler
                0x01007560       0x80 out/components/macsw_v6_9_1/ip/umac/librwnx_umac.a(sm_task.o)
 .text.mm_set_vif_state_cfm_handler
                0x010075e0       0xbc out/components/macsw_v6_9_1/ip/umac/librwnx_umac.a(sm_task.o)
 .text.sm_rsp_timeout_ind_handler
                0x0100769c       0xb8 out/components/macsw_v6_9_1/ip/umac/librwnx_umac.a(sm_task.o)
 .text.me_set_active_cfm_handler
                0x01007754       0xe0 out/components/macsw_v6_9_1/ip/umac/librwnx_umac.a(sm_task.o)
 .text.sm_disconnect_req_handler
                0x01007834       0x58 out/components/macsw_v6_9_1/ip/umac/librwnx_umac.a(sm_task.o)
 .text.dump_hwmac_info
                0x0100788c       0x28 out/components/macsw_v6_9_1/ip/umac/librwnx_umac.a(sm_task.o)
                0x0100788c                dump_hwmac_info
 .text.sm_bss_config_init
                0x010078b4       0x18 out/components/macsw_v6_9_1/ip/umac/librwnx_umac.a(sm.o)
 .text.sm_bss_config_push
                0x010078cc       0x10 out/components/macsw_v6_9_1/ip/umac/librwnx_umac.a(sm.o)
 .text.sm_frame_with_rsp_send
                0x010078dc       0x40 out/components/macsw_v6_9_1/ip/umac/librwnx_umac.a(sm.o)
 .text.sm_init  0x0100791c       0x1c out/components/macsw_v6_9_1/ip/umac/librwnx_umac.a(sm.o)
                0x0100791c                sm_init
 .text.sm_deauth_send_early
                0x01007938      0x188 out/components/macsw_v6_9_1/ip/umac/librwnx_umac.a(sm.o)
                0x01007938                sm_deauth_send_early
 .text.sm_get_bss_params
                0x01007ac0       0x54 out/components/macsw_v6_9_1/ip/umac/librwnx_umac.a(sm.o)
                0x01007ac0                sm_get_bss_params
 .text.sm_scan_bss
                0x01007b14      0x128 out/components/macsw_v6_9_1/ip/umac/librwnx_umac.a(sm.o)
                0x01007b14                sm_scan_bss
 .text.sm_join_bss
                0x01007c3c       0xa0 out/components/macsw_v6_9_1/ip/umac/librwnx_umac.a(sm.o)
                0x01007c3c                sm_join_bss
 .text.sm_add_chan_ctx
                0x01007cdc       0x24 out/components/macsw_v6_9_1/ip/umac/librwnx_umac.a(sm.o)
                0x01007cdc                sm_add_chan_ctx
 .text.sm_bss_config_send
                0x01007d00       0x18 out/components/macsw_v6_9_1/ip/umac/librwnx_umac.a(sm.o)
                0x01007d00                sm_bss_config_send
 .text.sm_set_bss_param
                0x01007d18      0x1ac out/components/macsw_v6_9_1/ip/umac/librwnx_umac.a(sm.o)
                0x01007d18                sm_set_bss_param
 .text.sm_delete_resources
                0x01007ec4       0xb8 out/components/macsw_v6_9_1/ip/umac/librwnx_umac.a(sm.o)
 .text.sm_disconnect_finish
                0x01007f7c       0x68 out/components/macsw_v6_9_1/ip/umac/librwnx_umac.a(sm.o)
 .text.sm_deauth_cfm
                0x01007fe4       0x2c out/components/macsw_v6_9_1/ip/umac/librwnx_umac.a(sm.o)
 .text.sm_disconnect_continue
                0x01008010      0x1b0 out/components/macsw_v6_9_1/ip/umac/librwnx_umac.a(sm.o)
                0x01008010                sm_disconnect_continue
 .text.sm_disconnect_start
                0x010081c0       0x70 out/components/macsw_v6_9_1/ip/umac/librwnx_umac.a(sm.o)
                0x010081c0                sm_disconnect_start
 .text.sm_connect_ind_f
                0x01008230       0xdc out/components/macsw_v6_9_1/ip/umac/librwnx_umac.a(sm.o)
                0x01008230                sm_connect_ind_f
 .text.sm_frame_tx_cfm_handler
                0x0100830c      0x11c out/components/macsw_v6_9_1/ip/umac/librwnx_umac.a(sm.o)
 .text.sm_auth_send
                0x01008428      0x1c0 out/components/macsw_v6_9_1/ip/umac/librwnx_umac.a(sm.o)
                0x01008428                sm_auth_send
 .text.sm_assoc_req_send
                0x010085e8      0x1c4 out/components/macsw_v6_9_1/ip/umac/librwnx_umac.a(sm.o)
                0x010085e8                sm_assoc_req_send
 .text.sm_assoc_done
                0x010087ac       0x34 out/components/macsw_v6_9_1/ip/umac/librwnx_umac.a(sm.o)
                0x010087ac                sm_assoc_done
 .text.sm_assoc_rsp_handler
                0x010087e0       0xdc out/components/macsw_v6_9_1/ip/umac/librwnx_umac.a(sm.o)
                0x010087e0                sm_assoc_rsp_handler
 .text.sm_deauth_handler
                0x010088bc       0x58 out/components/macsw_v6_9_1/ip/umac/librwnx_umac.a(sm.o)
                0x010088bc                sm_deauth_handler
 .text.sm_sa_query_handler
                0x01008914      0x198 out/components/macsw_v6_9_1/ip/umac/librwnx_umac.a(sm.o)
                0x01008914                sm_sa_query_handler
 .text.sm_external_auth_start
                0x01008aac       0xa0 out/components/macsw_v6_9_1/ip/umac/librwnx_umac.a(sm.o)
                0x01008aac                sm_external_auth_start
 .text.sm_external_auth_end
                0x01008b4c       0x20 out/components/macsw_v6_9_1/ip/umac/librwnx_umac.a(sm.o)
                0x01008b4c                sm_external_auth_end
 .text.sm_external_auth_in_progress
                0x01008b6c       0x14 out/components/macsw_v6_9_1/ip/umac/librwnx_umac.a(sm.o)
                0x01008b6c                sm_external_auth_in_progress
 .text.sm_ft_auth_over_air_start
                0x01008b80       0x64 out/components/macsw_v6_9_1/ip/umac/librwnx_umac.a(sm.o)
                0x01008b80                sm_ft_auth_over_air_start
 .text.sm_auth_handler
                0x01008be4       0x94 out/components/macsw_v6_9_1/ip/umac/librwnx_umac.a(sm.o)
                0x01008be4                sm_auth_handler
 .text.sm_ft_auth_over_air_end
                0x01008c78       0x30 out/components/macsw_v6_9_1/ip/umac/librwnx_umac.a(sm.o)
                0x01008c78                sm_ft_auth_over_air_end
 .text.sm_get_rsnie_pmkid_count
                0x01008ca8       0x58 out/components/macsw_v6_9_1/ip/umac/librwnx_umac.a(sm.o)
                0x01008ca8                sm_get_rsnie_pmkid_count
 .text.apm_bss_config_init
                0x01008d00       0x18 out/components/macsw_v6_9_1/ip/umac/librwnx_umac.a(apm.o)
 .text.apm_probe_client_tx_cfm
                0x01008d18       0x14 out/components/macsw_v6_9_1/ip/umac/librwnx_umac.a(apm.o)
 .text.apm_bss_config_push
                0x01008d2c       0x10 out/components/macsw_v6_9_1/ip/umac/librwnx_umac.a(apm.o)
 .text.apm_init
                0x01008d3c       0x24 out/components/macsw_v6_9_1/ip/umac/librwnx_umac.a(apm.o)
                0x01008d3c                apm_init
 .text.apm_start_cfm_f
                0x01008d60       0xf8 out/components/macsw_v6_9_1/ip/umac/librwnx_umac.a(apm.o)
                0x01008d60                apm_start_cfm_f
 .text.apm_bss_config_send
                0x01008e58       0x18 out/components/macsw_v6_9_1/ip/umac/librwnx_umac.a(apm.o)
                0x01008e58                apm_bss_config_send
 .text.apm_set_bss_param
                0x01008e70      0x128 out/components/macsw_v6_9_1/ip/umac/librwnx_umac.a(apm.o)
                0x01008e70                apm_set_bss_param
 .text.apm_bcn_set
                0x01008f98       0x64 out/components/macsw_v6_9_1/ip/umac/librwnx_umac.a(apm.o)
                0x01008f98                apm_bcn_set
 .text.apm_stop
                0x01008ffc       0xb4 out/components/macsw_v6_9_1/ip/umac/librwnx_umac.a(apm.o)
                0x01008ffc                apm_stop
 .text.apm_tx_int_ps_check
                0x010090b0       0x54 out/components/macsw_v6_9_1/ip/umac/librwnx_umac.a(apm.o)
                0x010090b0                apm_tx_int_ps_check
 .text.apm_tx_int_ps_postpone
                0x01009104       0x80 out/components/macsw_v6_9_1/ip/umac/librwnx_umac.a(apm.o)
                0x01009104                apm_tx_int_ps_postpone
 .text.apm_tx_int_ps_get_postpone
                0x01009184      0x118 out/components/macsw_v6_9_1/ip/umac/librwnx_umac.a(apm.o)
                0x01009184                apm_tx_int_ps_get_postpone
 .text.apm_tx_int_ps_clear
                0x0100929c       0x5c out/components/macsw_v6_9_1/ip/umac/librwnx_umac.a(apm.o)
                0x0100929c                apm_tx_int_ps_clear
 .text.apm_probe_client
                0x010092f8       0x88 out/components/macsw_v6_9_1/ip/umac/librwnx_umac.a(apm.o)
                0x010092f8                apm_probe_client
 .text.scanu_is_scanned_ssid
                0x01009380       0x68 out/components/macsw_v6_9_1/ip/umac/librwnx_umac.a(scanu.o)
 .text.scanu_confirm
                0x010093e8       0x58 out/components/macsw_v6_9_1/ip/umac/librwnx_umac.a(scanu.o)
                0x010093e8                scanu_confirm
 .text.scanu_init
                0x01009440       0x3c out/components/macsw_v6_9_1/ip/umac/librwnx_umac.a(scanu.o)
                0x01009440                scanu_init
 .text.scanu_find_result
                0x0100947c       0x54 out/components/macsw_v6_9_1/ip/umac/librwnx_umac.a(scanu.o)
                0x0100947c                scanu_find_result
 .text.scanu_generate_scan_result_by_frame
                0x010094d0      0x614 out/components/macsw_v6_9_1/ip/umac/librwnx_umac.a(scanu.o)
 .text.scanu_frame_handler
                0x01009ae4      0x38c out/components/macsw_v6_9_1/ip/umac/librwnx_umac.a(scanu.o)
                0x01009ae4                scanu_frame_handler
 .text.scanu_search_by_bssid
                0x01009e70        0xc out/components/macsw_v6_9_1/ip/umac/librwnx_umac.a(scanu.o)
                0x01009e70                scanu_search_by_bssid
 .text.scanu_search_by_ssid
                0x01009e7c       0x50 out/components/macsw_v6_9_1/ip/umac/librwnx_umac.a(scanu.o)
                0x01009e7c                scanu_search_by_ssid
 .text.scanu_scan_next
                0x01009ecc      0x2d8 out/components/macsw_v6_9_1/ip/umac/librwnx_umac.a(scanu.o)
                0x01009ecc                scanu_scan_next
 .text.scanu_dma_cb
                0x0100a1a4        0x8 out/components/macsw_v6_9_1/ip/umac/librwnx_umac.a(scanu.o)
 .text.scanu_start
                0x0100a1ac       0x90 out/components/macsw_v6_9_1/ip/umac/librwnx_umac.a(scanu.o)
                0x0100a1ac                scanu_start
 .text.txu_cntrl_sec_hdr_append
                0x0100a23c       0xec out/components/macsw_v6_9_1/ip/umac/librwnx_umac.a(txu_cntrl.o)
 .text.txu_cntrl_sechdr_len_compute
                0x0100a328       0xd4 out/components/macsw_v6_9_1/ip/umac/librwnx_umac.a(txu_cntrl.o)
 .text.txu_cntrl_frame_build
                0x0100a3fc      0x3d0 out/components/macsw_v6_9_1/ip/umac/librwnx_umac.a(txu_cntrl.o)
                0x0100a3fc                txu_cntrl_frame_build
 .text.txu_cntrl_repush_to_ipc
                0x0100a7cc       0x18 out/components/macsw_v6_9_1/ip/umac/librwnx_umac.a(txu_cntrl.o)
                0x0100a7cc                txu_cntrl_repush_to_ipc
 .text.txu_cntrl_push
                0x0100a7e4      0x480 out/components/macsw_v6_9_1/ip/umac/librwnx_umac.a(txu_cntrl.o)
                0x0100a7e4                txu_cntrl_push
 .text.txu_cntrl_repush
                0x0100ac64       0x20 out/components/macsw_v6_9_1/ip/umac/librwnx_umac.a(txu_cntrl.o)
                0x0100ac64                txu_cntrl_repush
 .text.txu_cntrl_cfm
                0x0100ac84      0x16c out/components/macsw_v6_9_1/ip/umac/librwnx_umac.a(txu_cntrl.o)
                0x0100ac84                txu_cntrl_cfm
 .text.txu_cntrl_protect_mgmt_frame
                0x0100adf0       0xd0 out/components/macsw_v6_9_1/ip/umac/librwnx_umac.a(txu_cntrl.o)
                0x0100adf0                txu_cntrl_protect_mgmt_frame
 .text.txu_cntrl_mgmt_mic_pbd_append
                0x0100aec0       0x38 out/components/macsw_v6_9_1/ip/umac/librwnx_umac.a(txu_cntrl.o)
                0x0100aec0                txu_cntrl_mgmt_mic_pbd_append
 .text.bam_baw_index_compute
                0x0100aef8       0x10 out/components/macsw_v6_9_1/ip/umac/librwnx_umac.a(bam.o)
 .text.bam_baw_index_compute_opt
                0x0100af08       0x10 out/components/macsw_v6_9_1/ip/umac/librwnx_umac.a(bam.o)
 .text.bam_set_baw_state
                0x0100af18       0x48 out/components/macsw_v6_9_1/ip/umac/librwnx_umac.a(bam.o)
 .text.bam_send_air_action_frame
                0x0100af60      0x1f0 out/components/macsw_v6_9_1/ip/umac/librwnx_umac.a(bam.o)
                0x0100af60                bam_send_air_action_frame
 .text.bam_init
                0x0100b150       0x94 out/components/macsw_v6_9_1/ip/umac/librwnx_umac.a(bam.o)
                0x0100b150                bam_init
 .text.bam_start_activity_timer
                0x0100b1e4       0x18 out/components/macsw_v6_9_1/ip/umac/librwnx_umac.a(bam.o)
                0x0100b1e4                bam_start_activity_timer
 .text.bam_param_sta_info_tab_reset
                0x0100b1fc       0x50 out/components/macsw_v6_9_1/ip/umac/librwnx_umac.a(bam.o)
                0x0100b1fc                bam_param_sta_info_tab_reset
 .text.bam_get_avail_task
                0x0100b24c       0x14 out/components/macsw_v6_9_1/ip/umac/librwnx_umac.a(bam.o)
                0x0100b24c                bam_get_avail_task
 .text.bam_search_task_wt_highest_inactivity_time
                0x0100b260       0x4c out/components/macsw_v6_9_1/ip/umac/librwnx_umac.a(bam.o)
                0x0100b260                bam_search_task_wt_highest_inactivity_time
 .text.bam_delete_complete
                0x0100b2ac       0x64 out/components/macsw_v6_9_1/ip/umac/librwnx_umac.a(bam.o)
                0x0100b2ac                bam_delete_complete
 .text.bam_send_mm_ba_add_req
                0x0100b310       0x48 out/components/macsw_v6_9_1/ip/umac/librwnx_umac.a(bam.o)
                0x0100b310                bam_send_mm_ba_add_req
 .text.bam_send_mm_ba_del_req
                0x0100b358       0x58 out/components/macsw_v6_9_1/ip/umac/librwnx_umac.a(bam.o)
                0x0100b358                bam_send_mm_ba_del_req
 .text.bam_delete_all_ba_agg
                0x0100b3b0       0xc0 out/components/macsw_v6_9_1/ip/umac/librwnx_umac.a(bam.o)
                0x0100b3b0                bam_delete_all_ba_agg
 .text.bam_delba_status_cfm
                0x0100b470       0x60 out/components/macsw_v6_9_1/ip/umac/librwnx_umac.a(bam.o)
 .text.bam_delete_ba_agg
                0x0100b4d0       0x90 out/components/macsw_v6_9_1/ip/umac/librwnx_umac.a(bam.o)
                0x0100b4d0                bam_delete_ba_agg
 .text.bam_get_task_to_process_rx
                0x0100b560      0x148 out/components/macsw_v6_9_1/ip/umac/librwnx_umac.a(bam.o)
                0x0100b560                bam_get_task_to_process_rx
 .text.bam_get_task_to_process_tx
                0x0100b6a8       0x3c out/components/macsw_v6_9_1/ip/umac/librwnx_umac.a(bam.o)
                0x0100b6a8                bam_get_task_to_process_tx
 .text.bam_check_ba_agg
                0x0100b6e4      0x1f8 out/components/macsw_v6_9_1/ip/umac/librwnx_umac.a(bam.o)
                0x0100b6e4                bam_check_ba_agg
 .text.bam_tx_cfm
                0x0100b8dc       0xf4 out/components/macsw_v6_9_1/ip/umac/librwnx_umac.a(bam.o)
                0x0100b8dc                bam_tx_cfm
 .text.bam_baw_init
                0x0100b9d0       0x60 out/components/macsw_v6_9_1/ip/umac/librwnx_umac.a(bam.o)
                0x0100b9d0                bam_baw_init
 .text.bam_flush_baw
                0x0100ba30       0x20 out/components/macsw_v6_9_1/ip/umac/librwnx_umac.a(bam.o)
                0x0100ba30                bam_flush_baw
 .text.bam_rx_active
                0x0100ba50       0x34 out/components/macsw_v6_9_1/ip/umac/librwnx_umac.a(bam.o)
                0x0100ba50                bam_rx_active
 .text.bam_rx_baw_size
                0x0100ba84       0x2c out/components/macsw_v6_9_1/ip/umac/librwnx_umac.a(bam.o)
                0x0100ba84                bam_rx_baw_size
 .text.mfp_is_robust_frame
                0x0100bab0       0x40 out/components/macsw_v6_9_1/ip/umac/librwnx_umac.a(mfp.o)
                0x0100bab0                mfp_is_robust_frame
 .text.mfp_ignore_mgmt_frame
                0x0100baf0      0x16c out/components/macsw_v6_9_1/ip/umac/librwnx_umac.a(mfp.o)
                0x0100baf0                mfp_ignore_mgmt_frame
 .text.mfp_protect_mgmt_frame
                0x0100bc5c       0x7c out/components/macsw_v6_9_1/ip/umac/librwnx_umac.a(mfp.o)
                0x0100bc5c                mfp_protect_mgmt_frame
 .text.mfp_add_mgmt_mic
                0x0100bcd8       0xa8 out/components/macsw_v6_9_1/ip/umac/librwnx_umac.a(mfp.o)
                0x0100bcd8                mfp_add_mgmt_mic
 .text.aes_encrypt_block
                0x0100bd80      0x370 out/components/macsw_v6_9_1/ip/umac/librwnx_umac.a(mfp_bip.o)
 .text.aes_cmac_shift_sub_key
                0x0100c0f0       0x74 out/components/macsw_v6_9_1/ip/umac/librwnx_umac.a(mfp_bip.o)
 .text.mfp_compute_bip
                0x0100c164      0x21c out/components/macsw_v6_9_1/ip/umac/librwnx_umac.a(mfp_bip.o)
                0x0100c164                mfp_compute_bip
 .text.rc_check_basic_rate
                0x0100c380       0x24 out/components/macsw_v6_9_1/ip/umac/librwnx_umac.a(rc.o)
                0x0100c380                rc_check_basic_rate
 .text.rc_check_fixed_rate_config
                0x0100c3a4       0xb4 out/components/macsw_v6_9_1/ip/umac/librwnx_umac.a(rc.o)
                0x0100c3a4                rc_check_fixed_rate_config
 .text.rm_no_more_measure_to_report
                0x0100c458       0x28 out/components/macsw_v6_9_1/ip/umac/librwnx_umac.a(rm.o)
 .text.rm_update_vht_bw
                0x0100c480       0x1c out/components/macsw_v6_9_1/ip/umac/librwnx_umac.a(rm.o)
 .text.rm_requested_elt
                0x0100c49c       0x3c out/components/macsw_v6_9_1/ip/umac/librwnx_umac.a(rm.o)
 .text.rm_build_beacon_report_action_frame
                0x0100c4d8      0x4d4 out/components/macsw_v6_9_1/ip/umac/librwnx_umac.a(rm.o)
 .text.rm_send_beacon_report
                0x0100c9ac       0x98 out/components/macsw_v6_9_1/ip/umac/librwnx_umac.a(rm.o)
 .text.rm_requested_measure
                0x0100ca44       0x70 out/components/macsw_v6_9_1/ip/umac/librwnx_umac.a(rm.o)
 .text.rm_process_beacon_scan_request
                0x0100cab4      0x1a4 out/components/macsw_v6_9_1/ip/umac/librwnx_umac.a(rm.o)
 .text.rm_init  0x0100cc58       0x24 out/components/macsw_v6_9_1/ip/umac/librwnx_umac.a(rm.o)
                0x0100cc58                rm_init
 .text.rm_reject_request
                0x0100cc7c       0x30 out/components/macsw_v6_9_1/ip/umac/librwnx_umac.a(rm.o)
                0x0100cc7c                rm_reject_request
 .text.rm_initialize_requests
                0x0100ccac      0x4f8 out/components/macsw_v6_9_1/ip/umac/librwnx_umac.a(rm.o)
                0x0100ccac                rm_initialize_requests
 .text.rm_schedule_next_request
                0x0100d1a4       0x58 out/components/macsw_v6_9_1/ip/umac/librwnx_umac.a(rm.o)
                0x0100d1a4                rm_schedule_next_request
 .text.rm_start_active_request
                0x0100d1fc       0xa8 out/components/macsw_v6_9_1/ip/umac/librwnx_umac.a(rm.o)
                0x0100d1fc                rm_start_active_request
 .text.rm_continue_active_request
                0x0100d2a4       0x4c out/components/macsw_v6_9_1/ip/umac/librwnx_umac.a(rm.o)
                0x0100d2a4                rm_continue_active_request
 .text.rm_send_beacon_report_cfm
                0x0100d2f0       0x64 out/components/macsw_v6_9_1/ip/umac/librwnx_umac.a(rm.o)
 .text.rm_new_beacon_measure
                0x0100d354      0x39c out/components/macsw_v6_9_1/ip/umac/librwnx_umac.a(rm.o)
                0x0100d354                rm_new_beacon_measure
 .text.me_add_ie_ssid
                0x0100d6f0       0x2c out/components/macsw_v6_9_1/ip/umac/librwnx_umac.a(me_mgmtframe.o)
                0x0100d6f0                me_add_ie_ssid
 .text.me_add_ie_supp_rates
                0x0100d71c       0x34 out/components/macsw_v6_9_1/ip/umac/librwnx_umac.a(me_mgmtframe.o)
                0x0100d71c                me_add_ie_supp_rates
 .text.me_add_ie_ext_supp_rates
                0x0100d750       0x38 out/components/macsw_v6_9_1/ip/umac/librwnx_umac.a(me_mgmtframe.o)
                0x0100d750                me_add_ie_ext_supp_rates
 .text.me_add_ie_ht_capa
                0x0100d788       0x88 out/components/macsw_v6_9_1/ip/umac/librwnx_umac.a(me_mgmtframe.o)
                0x0100d788                me_add_ie_ht_capa
 .text.me_add_ie_he_capa
                0x0100d810      0x10c out/components/macsw_v6_9_1/ip/umac/librwnx_umac.a(me_mgmtframe.o)
                0x0100d810                me_add_ie_he_capa
 .text.me_add_ie_vht_capa
                0x0100d91c       0x60 out/components/macsw_v6_9_1/ip/umac/librwnx_umac.a(me_mgmtframe.o)
                0x0100d91c                me_add_ie_vht_capa
 .text.me_add_ie_op_mode
                0x0100d97c       0x20 out/components/macsw_v6_9_1/ip/umac/librwnx_umac.a(me_mgmtframe.o)
                0x0100d97c                me_add_ie_op_mode
 .text.me_add_ie_rm_enabled_capa
                0x0100d99c       0x34 out/components/macsw_v6_9_1/ip/umac/librwnx_umac.a(me_mgmtframe.o)
                0x0100d99c                me_add_ie_rm_enabled_capa
 .text.me_build_authenticate
                0x0100d9d0       0x3c out/components/macsw_v6_9_1/ip/umac/librwnx_umac.a(me_mgmtframe.o)
                0x0100d9d0                me_build_authenticate
 .text.me_build_deauthenticate
                0x0100da0c        0xc out/components/macsw_v6_9_1/ip/umac/librwnx_umac.a(me_mgmtframe.o)
                0x0100da0c                me_build_deauthenticate
 .text.me_build_associate_req
                0x0100da18      0x2e4 out/components/macsw_v6_9_1/ip/umac/librwnx_umac.a(me_mgmtframe.o)
                0x0100da18                me_build_associate_req
 .text.me_build_add_ba_req
                0x0100dcfc       0x44 out/components/macsw_v6_9_1/ip/umac/librwnx_umac.a(me_mgmtframe.o)
                0x0100dcfc                me_build_add_ba_req
 .text.me_build_add_ba_rsp
                0x0100dd40       0x30 out/components/macsw_v6_9_1/ip/umac/librwnx_umac.a(me_mgmtframe.o)
                0x0100dd40                me_build_add_ba_rsp
 .text.me_build_del_ba
                0x0100dd70       0x30 out/components/macsw_v6_9_1/ip/umac/librwnx_umac.a(me_mgmtframe.o)
                0x0100dd70                me_build_del_ba
 .text.me_extract_rate_set
                0x0100dda0       0x80 out/components/macsw_v6_9_1/ip/umac/librwnx_umac.a(me_mgmtframe.o)
                0x0100dda0                me_extract_rate_set
 .text.me_extract_tim_period
                0x0100de20       0x14 out/components/macsw_v6_9_1/ip/umac/librwnx_umac.a(me_mgmtframe.o)
                0x0100de20                me_extract_tim_period
 .text.me_extract_power_constraint
                0x0100de34       0x14 out/components/macsw_v6_9_1/ip/umac/librwnx_umac.a(me_mgmtframe.o)
                0x0100de34                me_extract_power_constraint
 .text.me_extract_csa
                0x0100de48      0x10c out/components/macsw_v6_9_1/ip/umac/librwnx_umac.a(me_mgmtframe.o)
                0x0100de48                me_extract_csa
 .text.me_extract_edca_params
                0x0100df54       0xe0 out/components/macsw_v6_9_1/ip/umac/librwnx_umac.a(me_mgmtframe.o)
                0x0100df54                me_extract_edca_params
 .text.me_extract_ht_capa
                0x0100e034       0x60 out/components/macsw_v6_9_1/ip/umac/librwnx_umac.a(me_mgmtframe.o)
                0x0100e034                me_extract_ht_capa
 .text.me_extract_vht_capa
                0x0100e094       0x60 out/components/macsw_v6_9_1/ip/umac/librwnx_umac.a(me_mgmtframe.o)
                0x0100e094                me_extract_vht_capa
 .text.me_extract_he_capa
                0x0100e0f4       0xc8 out/components/macsw_v6_9_1/ip/umac/librwnx_umac.a(me_mgmtframe.o)
                0x0100e0f4                me_extract_he_capa
 .text.me_extract_he_oper
                0x0100e1bc       0x28 out/components/macsw_v6_9_1/ip/umac/librwnx_umac.a(me_mgmtframe.o)
                0x0100e1bc                me_extract_he_oper
 .text.me_extract_mu_edca_params
                0x0100e1e4       0x74 out/components/macsw_v6_9_1/ip/umac/librwnx_umac.a(me_mgmtframe.o)
                0x0100e1e4                me_extract_mu_edca_params
 .text.me_extract_uora_params
                0x0100e258       0x28 out/components/macsw_v6_9_1/ip/umac/librwnx_umac.a(me_mgmtframe.o)
                0x0100e258                me_extract_uora_params
 .text.me_chan_config_req_handler
                0x0100e280       0x24 out/components/macsw_v6_9_1/ip/umac/librwnx_umac.a(me_task.o)
 .text.mm_set_idle_cfm_handler
                0x0100e2a4       0x38 out/components/macsw_v6_9_1/ip/umac/librwnx_umac.a(me_task.o)
 .text.mm_set_ps_mode_cfm_handler
                0x0100e2dc       0x38 out/components/macsw_v6_9_1/ip/umac/librwnx_umac.a(me_task.o)
 .text.me_traffic_ind_req_handler
                0x0100e314       0xbc out/components/macsw_v6_9_1/ip/umac/librwnx_umac.a(me_task.o)
 .text.me_data_path_flushed_ind_handler
                0x0100e3d0        0xc out/components/macsw_v6_9_1/ip/umac/librwnx_umac.a(me_task.o)
 .text.me_rc_set_rate_req_handler
                0x0100e3dc       0xb0 out/components/macsw_v6_9_1/ip/umac/librwnx_umac.a(me_task.o)
 .text.me_rc_stats_req_handler
                0x0100e48c       0xe8 out/components/macsw_v6_9_1/ip/umac/librwnx_umac.a(me_task.o)
 .text.me_sta_add_req_handler
                0x0100e574      0x3b0 out/components/macsw_v6_9_1/ip/umac/librwnx_umac.a(me_task.o)
 .text.me_config_monitor_req_handler
                0x0100e924       0xf0 out/components/macsw_v6_9_1/ip/umac/librwnx_umac.a(me_task.o)
 .text.me_set_ps_mode_req_handler
                0x0100ea14       0x68 out/components/macsw_v6_9_1/ip/umac/librwnx_umac.a(me_task.o)
 .text.me_set_ps_disable_req_handler
                0x0100ea7c       0x90 out/components/macsw_v6_9_1/ip/umac/librwnx_umac.a(me_task.o)
 .text.me_set_active_req_handler
                0x0100eb0c       0x8c out/components/macsw_v6_9_1/ip/umac/librwnx_umac.a(me_task.o)
 .text.me_sta_del_req_handler
                0x0100eb98       0x3c out/components/macsw_v6_9_1/ip/umac/librwnx_umac.a(me_task.o)
 .text.michael_block
                0x0100ebd4       0x44 out/components/macsw_v6_9_1/ip/umac/librwnx_umac.a(me_mic.o)
 .text.me_mic_init
                0x0100ec18       0x70 out/components/macsw_v6_9_1/ip/umac/librwnx_umac.a(me_mic.o)
                0x0100ec18                me_mic_init
 .text.me_mic_calc
                0x0100ec88       0xfc out/components/macsw_v6_9_1/ip/umac/librwnx_umac.a(me_mic.o)
                0x0100ec88                me_mic_calc
 .text.me_mic_end
                0x0100ed84       0x30 out/components/macsw_v6_9_1/ip/umac/librwnx_umac.a(me_mic.o)
                0x0100ed84                me_mic_end
 .text.co_list_push_back
                0x0100edb4       0x1c out/components/macsw_v6_9_1/modules/librwnx_module.a(co_list.o)
                0x0100edb4                co_list_push_back
 .text.co_list_push_front
                0x0100edd0       0x14 out/components/macsw_v6_9_1/modules/librwnx_module.a(co_list.o)
                0x0100edd0                co_list_push_front
 .text.co_list_pop_front
                0x0100ede4       0x14 out/components/macsw_v6_9_1/modules/librwnx_module.a(co_list.o)
                0x0100ede4                co_list_pop_front
 .text.co_list_extract
                0x0100edf8       0x34 out/components/macsw_v6_9_1/modules/librwnx_module.a(co_list.o)
                0x0100edf8                co_list_extract
 .text.co_list_insert
                0x0100ee2c       0x30 out/components/macsw_v6_9_1/modules/librwnx_module.a(co_list.o)
                0x0100ee2c                co_list_insert
 .text.co_list_insert_after
                0x0100ee5c       0x2c out/components/macsw_v6_9_1/modules/librwnx_module.a(co_list.o)
                0x0100ee5c                co_list_insert_after
 .text.co_list_insert_before
                0x0100ee88       0x2c out/components/macsw_v6_9_1/modules/librwnx_module.a(co_list.o)
                0x0100ee88                co_list_insert_before
 .text.co_list_concat
                0x0100eeb4       0x20 out/components/macsw_v6_9_1/modules/librwnx_module.a(co_list.o)
                0x0100eeb4                co_list_concat
 .text.smac_rx_buf_send.isra.1.part.2.constprop.8
                0x0100eed4      0x140 out/components/macsw_v6_9_1/modules/librwnx_module.a(macif_ipc.o)
 .text.filter_duplicate_rx_reset_by_staid
                0x0100f014       0x30 out/components/macsw_v6_9_1/modules/librwnx_module.a(macif_ipc.o)
                0x0100f014                filter_duplicate_rx_reset_by_staid
 .text.macif_msg_evt
                0x0100f044        0x8 out/components/macsw_v6_9_1/modules/librwnx_module.a(macif_ipc.o)
                0x0100f044                macif_msg_evt
 .text.check_msg_id
                0x0100f04c       0x40 out/components/macsw_v6_9_1/modules/librwnx_module.a(macif_ipc.o)
                0x0100f04c                check_msg_id
 .text.macif_kmsg_handler
                0x0100f08c      0x1ac out/components/macsw_v6_9_1/modules/librwnx_module.a(macif_ipc.o)
                0x0100f08c                macif_kmsg_handler
 .text.macif_msg_buf_get
                0x0100f238       0x4c out/components/macsw_v6_9_1/modules/librwnx_module.a(macif_ipc.o)
                0x0100f238                macif_msg_buf_get
 .text.macif_kmsg_fwd
                0x0100f284       0x88 out/components/macsw_v6_9_1/modules/librwnx_module.a(macif_ipc.o)
                0x0100f284                macif_kmsg_fwd
 .text.macif_init
                0x0100f30c       0x30 out/components/macsw_v6_9_1/modules/librwnx_module.a(macif_ipc.o)
                0x0100f30c                macif_init
 .text.macif_rx_buf_check
                0x0100f33c       0x24 out/components/macsw_v6_9_1/modules/librwnx_module.a(macif_ipc.o)
                0x0100f33c                macif_rx_buf_check
 .text.macif_rx_buf_get